Archive member included to satisfy reference by file (symbol)

d:/lam/stm32cubeide_1.7.0/stm32cubeide/plugins/com.st.stm32cube.ide.mcu.externaltools.gnu-tools-for-stm32.9-2020-q2-update.win32_2.0.0.202105311346/tools/bin/../lib/gcc/arm-none-eabi/9.3.1/../../../../arm-none-eabi/lib/thumb/v7-m/nofp\libc_nano.a(lib_a-errno.o)
                              ./Core/Src/syscalls.o (__errno)
d:/lam/stm32cubeide_1.7.0/stm32cubeide/plugins/com.st.stm32cube.ide.mcu.externaltools.gnu-tools-for-stm32.9-2020-q2-update.win32_2.0.0.202105311346/tools/bin/../lib/gcc/arm-none-eabi/9.3.1/../../../../arm-none-eabi/lib/thumb/v7-m/nofp\libc_nano.a(lib_a-exit.o)
                              d:/lam/stm32cubeide_1.7.0/stm32cubeide/plugins/com.st.stm32cube.ide.mcu.externaltools.gnu-tools-for-stm32.9-2020-q2-update.win32_2.0.0.202105311346/tools/bin/../lib/gcc/arm-none-eabi/9.3.1/../../../../arm-none-eabi/lib/thumb/v7-m/nofp/crt0.o (exit)
d:/lam/stm32cubeide_1.7.0/stm32cubeide/plugins/com.st.stm32cube.ide.mcu.externaltools.gnu-tools-for-stm32.9-2020-q2-update.win32_2.0.0.202105311346/tools/bin/../lib/gcc/arm-none-eabi/9.3.1/../../../../arm-none-eabi/lib/thumb/v7-m/nofp\libc_nano.a(lib_a-impure.o)
                              d:/lam/stm32cubeide_1.7.0/stm32cubeide/plugins/com.st.stm32cube.ide.mcu.externaltools.gnu-tools-for-stm32.9-2020-q2-update.win32_2.0.0.202105311346/tools/bin/../lib/gcc/arm-none-eabi/9.3.1/../../../../arm-none-eabi/lib/thumb/v7-m/nofp\libc_nano.a(lib_a-exit.o) (_global_impure_ptr)
d:/lam/stm32cubeide_1.7.0/stm32cubeide/plugins/com.st.stm32cube.ide.mcu.externaltools.gnu-tools-for-stm32.9-2020-q2-update.win32_2.0.0.202105311346/tools/bin/../lib/gcc/arm-none-eabi/9.3.1/../../../../arm-none-eabi/lib/thumb/v7-m/nofp\libc_nano.a(lib_a-init.o)
                              d:/lam/stm32cubeide_1.7.0/stm32cubeide/plugins/com.st.stm32cube.ide.mcu.externaltools.gnu-tools-for-stm32.9-2020-q2-update.win32_2.0.0.202105311346/tools/bin/../lib/gcc/arm-none-eabi/9.3.1/../../../../arm-none-eabi/lib/thumb/v7-m/nofp/crt0.o (__libc_init_array)
d:/lam/stm32cubeide_1.7.0/stm32cubeide/plugins/com.st.stm32cube.ide.mcu.externaltools.gnu-tools-for-stm32.9-2020-q2-update.win32_2.0.0.202105311346/tools/bin/../lib/gcc/arm-none-eabi/9.3.1/../../../../arm-none-eabi/lib/thumb/v7-m/nofp\libc_nano.a(lib_a-memset.o)
                              d:/lam/stm32cubeide_1.7.0/stm32cubeide/plugins/com.st.stm32cube.ide.mcu.externaltools.gnu-tools-for-stm32.9-2020-q2-update.win32_2.0.0.202105311346/tools/bin/../lib/gcc/arm-none-eabi/9.3.1/../../../../arm-none-eabi/lib/thumb/v7-m/nofp/crt0.o (memset)
d:/lam/stm32cubeide_1.7.0/stm32cubeide/plugins/com.st.stm32cube.ide.mcu.externaltools.gnu-tools-for-stm32.9-2020-q2-update.win32_2.0.0.202105311346/tools/bin/../lib/gcc/arm-none-eabi/9.3.1/../../../../arm-none-eabi/lib/thumb/v7-m/nofp\libc_nano.a(lib_a-sprintf.o)
                              ./Core/Src/uart.o (sprintf)
d:/lam/stm32cubeide_1.7.0/stm32cubeide/plugins/com.st.stm32cube.ide.mcu.externaltools.gnu-tools-for-stm32.9-2020-q2-update.win32_2.0.0.202105311346/tools/bin/../lib/gcc/arm-none-eabi/9.3.1/../../../../arm-none-eabi/lib/thumb/v7-m/nofp\libc_nano.a(lib_a-nano-svfprintf.o)
                              d:/lam/stm32cubeide_1.7.0/stm32cubeide/plugins/com.st.stm32cube.ide.mcu.externaltools.gnu-tools-for-stm32.9-2020-q2-update.win32_2.0.0.202105311346/tools/bin/../lib/gcc/arm-none-eabi/9.3.1/../../../../arm-none-eabi/lib/thumb/v7-m/nofp\libc_nano.a(lib_a-sprintf.o) (_svfprintf_r)
d:/lam/stm32cubeide_1.7.0/stm32cubeide/plugins/com.st.stm32cube.ide.mcu.externaltools.gnu-tools-for-stm32.9-2020-q2-update.win32_2.0.0.202105311346/tools/bin/../lib/gcc/arm-none-eabi/9.3.1/../../../../arm-none-eabi/lib/thumb/v7-m/nofp\libc_nano.a(lib_a-nano-vfprintf_i.o)
                              d:/lam/stm32cubeide_1.7.0/stm32cubeide/plugins/com.st.stm32cube.ide.mcu.externaltools.gnu-tools-for-stm32.9-2020-q2-update.win32_2.0.0.202105311346/tools/bin/../lib/gcc/arm-none-eabi/9.3.1/../../../../arm-none-eabi/lib/thumb/v7-m/nofp\libc_nano.a(lib_a-nano-svfprintf.o) (_printf_i)
d:/lam/stm32cubeide_1.7.0/stm32cubeide/plugins/com.st.stm32cube.ide.mcu.externaltools.gnu-tools-for-stm32.9-2020-q2-update.win32_2.0.0.202105311346/tools/bin/../lib/gcc/arm-none-eabi/9.3.1/../../../../arm-none-eabi/lib/thumb/v7-m/nofp\libc_nano.a(lib_a-memchr-stub.o)
                              d:/lam/stm32cubeide_1.7.0/stm32cubeide/plugins/com.st.stm32cube.ide.mcu.externaltools.gnu-tools-for-stm32.9-2020-q2-update.win32_2.0.0.202105311346/tools/bin/../lib/gcc/arm-none-eabi/9.3.1/../../../../arm-none-eabi/lib/thumb/v7-m/nofp\libc_nano.a(lib_a-nano-svfprintf.o) (memchr)
d:/lam/stm32cubeide_1.7.0/stm32cubeide/plugins/com.st.stm32cube.ide.mcu.externaltools.gnu-tools-for-stm32.9-2020-q2-update.win32_2.0.0.202105311346/tools/bin/../lib/gcc/arm-none-eabi/9.3.1/../../../../arm-none-eabi/lib/thumb/v7-m/nofp\libc_nano.a(lib_a-memcpy-stub.o)
[...]
Memory Configuration

Name             Origin             Length             Attributes
RAM              0x0000000020000000 0x0000000000005000 xrw
FLASH            0x0000000008000000 0x0000000000020000 xr
*default*        0x0000000000000000 0xffffffffffffffff

Linker script and memory map

LOAD d:/lam/stm32cubeide_1.7.0/stm32cubeide/plugins/com.st.stm32cube.ide.mcu.externaltools.gnu-tools-for-stm32.9-2020-q2-update.win32_2.0.0.202105311346/tools/bin/../lib/gcc/arm-none-eabi/9.3.1/thumb/v7-m/nofp/crti.o
LOAD d:/lam/stm32cubeide_1.7.0/stm32cubeide/plugins/com.st.stm32cube.ide.mcu.externaltools.gnu-tools-for-stm32.9-2020-q2-update.win32_2.0.0.202105311346/tools/bin/../lib/gcc/arm-none-eabi/9.3.1/thumb/v7-m/nofp/crtbegin.o
LOAD d:/lam/stm32cubeide_1.7.0/stm32cubeide/plugins/com.st.stm32cube.ide.mcu.externaltools.gnu-tools-for-stm32.9-2020-q2-update.win32_2.0.0.202105311346/tools/bin/../lib/gcc/arm-none-eabi/9.3.1/../../../../arm-none-eabi/lib/thumb/v7-m/nofp/crt0.o
LOAD ./Core/Src/button.o
LOAD ./Core/Src/buzzer.o
LOAD ./Core/Src/fsm_mode.o
LOAD ./Core/Src/global.o
LOAD ./Core/Src/main.o
LOAD ./Core/Src/pedestrian_light.o
LOAD ./Core/Src/software_timer.o
LOAD ./Core/Src/stm32f1xx_hal_msp.o
LOAD ./Core/Src/stm32f1xx_it.o
LOAD ./Core/Src/syscalls.o
LOAD ./Core/Src/sysmem.o
LOAD ./Core/Src/system_stm32f1xx.o
LOAD ./Core/Src/traffic_automatic.o
LOAD ./Core/Src/traffic_manual.o
LOAD ./Core/Src/traffic_tuning.o
LOAD ./Core/Src/uart.o
LOAD ./Core/Startup/startup_stm32f103rbtx.o
LOAD ./Drivers/STM32F1xx_HAL_Driver/Src/stm32f1xx_hal.o
LOAD ./Drivers/STM32F1xx_HAL_Driver/Src/stm32f1xx_hal_cortex.o
LOAD ./Drivers/STM32F1xx_HAL_Driver/Src/stm32f1xx_hal_dma.o
LOAD ./Drivers/STM32F1xx_HAL_Driver/Src/stm32f1xx_hal_exti.o
LOAD ./Drivers/STM32F1xx_HAL_Driver/Src/stm32f1xx_hal_flash.o
LOAD ./Drivers/STM32F1xx_HAL_Driver/Src/stm32f1xx_hal_flash_ex.o
LOAD ./Drivers/STM32F1xx_HAL_Driver/Src/stm32f1xx_hal_gpio.o
LOAD ./Drivers/STM32F1xx_HAL_Driver/Src/stm32f1xx_hal_gpio_ex.o
LOAD ./Drivers/STM32F1xx_HAL_Driver/Src/stm32f1xx_hal_pwr.o
LOAD ./Drivers/STM32F1xx_HAL_Driver/Src/stm32f1xx_hal_rcc.o
LOAD ./Drivers/STM32F1xx_HAL_Driver/Src/stm32f1xx_hal_rcc_ex.o
LOAD ./Drivers/STM32F1xx_HAL_Driver/Src/stm32f1xx_hal_tim.o
LOAD ./Drivers/STM32F1xx_HAL_Driver/Src/stm32f1xx_hal_tim_ex.o
LOAD ./Drivers/STM32F1xx_HAL_Driver/Src/stm32f1xx_hal_uart.o
START GROUP
LOAD d:/lam/stm32cubeide_1.7.0/stm32cubeide/plugins/com.st.stm32cube.ide.mcu.externaltools.gnu-tools-for-stm32.9-2020-q2-update.win32_2.0.0.202105311346/tools/bin/../lib/gcc/arm-none-eabi/9.3.1/../../../../arm-none-eabi/lib/thumb/v7-m/nofp\libc_nano.a
LOAD d:/lam/stm32cubeide_1.7.0/stm32cubeide/plugins/com.st.stm32cube.ide.mcu.externaltools.gnu-tools-for-stm32.9-2020-q2-update.win32_2.0.0.202105311346/tools/bin/../lib/gcc/arm-none-eabi/9.3.1/../../../../arm-none-eabi/lib/thumb/v7-m/nofp\libm.a
END GROUP
START GROUP
LOAD d:/lam/stm32cubeide_1.7.0/stm32cubeide/plugins/com.st.stm32cube.ide.mcu.externaltools.gnu-tools-for-stm32.9-2020-q2-update.win32_2.0.0.202105311346/tools/bin/../lib/gcc/arm-none-eabi/9.3.1/thumb/v7-m/nofp\libgcc.a
LOAD d:/lam/stm32cubeide_1.7.0/stm32cubeide/plugins/com.st.stm32cube.ide.mcu.externaltools.gnu-tools-for-stm32.9-2020-q2-update.win32_2.0.0.202105311346/tools/bin/../lib/gcc/arm-none-eabi/9.3.1/../../../../arm-none-eabi/lib/thumb/v7-m/nofp\libc_nano.a
END GROUP
START GROUP
LOAD d:/lam/stm32cubeide_1.7.0/stm32cubeide/plugins/com.st.stm32cube.ide.mcu.externaltools.gnu-tools-for-stm32.9-2020-q2-update.win32_2.0.0.202105311346/tools/bin/../lib/gcc/arm-none-eabi/9.3.1/thumb/v7-m/nofp\libgcc.a
LOAD d:/lam/stm32cubeide_1.7.0/stm32cubeide/plugins/com.st.stm32cube.ide.mcu.externaltools.gnu-tools-for-stm32.9-2020-q2-update.win32_2.0.0.202105311346/tools/bin/../lib/gcc/arm-none-eabi/9.3.1/../../../../arm-none-eabi/lib/thumb/v7-m/nofp\libc_nano.a
LOAD d:/lam/stm32cubeide_1.7.0/stm32cubeide/plugins/com.st.stm32cube.ide.mcu.externaltools.gnu-tools-for-stm32.9-2020-q2-update.win32_2.0.0.202105311346/tools/bin/../lib/gcc/arm-none-eabi/9.3.1/../../../../arm-none-eabi/lib/thumb/v7-m/nofp\libnosys.a
END GROUP
START GROUP
LOAD d:/lam/stm32cubeide_1.7.0/stm32cubeide/plugins/com.st.stm32cube.ide.mcu.externaltools.gnu-tools-for-stm32.9-2020-q2-update.win32_2.0.0.202105311346/tools/bin/../lib/gcc/arm-none-eabi/9.3.1/thumb/v7-m/nofp\libgcc.a
LOAD d:/lam/stm32cubeide_1.7.0/stm32cubeide/plugins/com.st.stm32cube.ide.mcu.externaltools.gnu-tools-for-stm32.9-2020-q2-update.win32_2.0.0.202105311346/tools/bin/../lib/gcc/arm-none-eabi/9.3.1/../../../../arm-none-eabi/lib/thumb/v7-m/nofp\libc_nano.a
LOAD d:/lam/stm32cubeide_1.7.0/stm32cubeide/plugins/com.st.stm32cube.ide.mcu.externaltools.gnu-tools-for-stm32.9-2020-q2-update.win32_2.0.0.202105311346/tools/bin/../lib/gcc/arm-none-eabi/9.3.1/../../../../arm-none-eabi/lib/thumb/v7-m/nofp\libnosys.a
END GROUP
LOAD d:/lam/stm32cubeide_1.7.0/stm32cubeide/plugins/com.st.stm32cube.ide.mcu.externaltools.gnu-tools-for-stm32.9-2020-q2-update.win32_2.0.0.202105311346/tools/bin/../lib/gcc/arm-none-eabi/9.3.1/thumb/v7-m/nofp/crtend.o
LOAD d:/lam/stm32cubeide_1.7.0/stm32cubeide/plugins/com.st.stm32cube.ide.mcu.externaltools.gnu-tools-for-stm32.9-2020-q2-update.win32_2.0.0.202105311346/tools/bin/../lib/gcc/arm-none-eabi/9.3.1/thumb/v7-m/nofp/crtn.o
                0x0000000020005000                _estack = (ORIGIN (RAM) + LENGTH (RAM))
                0x0000000000000200                _Min_Heap_Size = 0x200
                0x0000000000000400                _Min_Stack_Size = 0x400

.isr_vector     0x0000000008000000      0x10c
                0x0000000008000000                . = ALIGN (0x4)
 *(.isr_vector)
 .isr_vector    0x0000000008000000      0x10c ./Core/Startup/startup_stm32f103rbtx.o
                0x0000000008000000                g_pfnVectors
                0x000000000800010c                . = ALIGN (0x4)

.text           0x000000000800010c     0x4c70
                0x000000000800010c                . = ALIGN (0x4)
 *(.text)
 .text          0x000000000800010c       0x40 d:/lam/stm32cubeide_1.7.0/stm32cubeide/plugins/com.st.stm32cube.ide.mcu.externaltools.gnu-tools-for-stm32.9-2020-q2-update.win32_2.0.0.202105311346/tools/bin/../lib/gcc/arm-none-eabi/9.3.1/thumb/v7-m/nofp/crtbegin.o
 *(.text*)
 .text.isButton1Pressed
                0x000000000800014c       0x24 ./Core/Src/button.o
                0x000000000800014c                isButton1Pressed
 .text.isButton2Pressed
                0x0000000008000170       0x24 ./Core/Src/button.o
                0x0000000008000170                isButton2Pressed
 .text.isButton3Pressed
                0x0000000008000194       0x24 ./Core/Src/button.o
                0x0000000008000194                isButton3Pressed
 .text.isButtonPedesPressed
                0x00000000080001b8       0x24 ./Core/Src/button.o
                0x00000000080001b8                isButtonPedesPressed
 .text.doProcess
                0x00000000080001dc       0x60 ./Core/Src/button.o
                0x00000000080001dc                doProcess
 .text.readPin  0x000000000800023c       0x68 ./Core/Src/button.o
                0x000000000800023c                readPin
 .text.getKeyInput
                0x00000000080002a4      0x104 ./Core/Src/button.o
                0x00000000080002a4                getKeyInput
 .text.buzzerRun
                0x00000000080003a8       0x88 ./Core/Src/buzzer.o
                0x00000000080003a8                buzzerRun
 .text.modeRun  0x0000000008000430      0x334 ./Core/Src/fsm_mode.o
                0x0000000008000430                modeRun
 .text.ledBlink
                0x0000000008000764       0x28 ./Core/Src/global.o
                0x0000000008000764                ledBlink
 .text.main     0x000000000800078c       0x60 ./Core/Src/main.o
                0x000000000800078c                main
 .text.SystemClock_Config
                0x00000000080007ec       0x82 ./Core/Src/main.o
                0x00000000080007ec                SystemClock_Config
 *fill*         0x000000000800086e        0x2 
 .text.MX_TIM2_Init
                0x0000000008000870       0x98 ./Core/Src/main.o
 .text.MX_TIM3_Init
                0x0000000008000908       0xec ./Core/Src/main.o
 .text.MX_USART2_UART_Init
                0x00000000080009f4       0x54 ./Core/Src/main.o
 .text.MX_GPIO_Init
                0x0000000008000a48       0xdc ./Core/Src/main.o
 .text.HAL_TIM_PeriodElapsedCallback
                0x0000000008000b24       0x18 ./Core/Src/main.o
                0x0000000008000b24                HAL_TIM_PeriodElapsedCallback
 .text.Error_Handler
                0x0000000008000b3c        0xa ./Core/Src/main.o
                0x0000000008000b3c                Error_Handler
 *fill*         0x0000000008000b46        0x2 
 .text.pedes_light_fsm
                0x0000000008000b48      0x1b4 ./Core/Src/pedestrian_light.o
                0x0000000008000b48                pedes_light_fsm
 .text.setTimer1
                0x0000000008000cfc       0x38 ./Core/Src/software_timer.o
                0x0000000008000cfc                setTimer1
 .text.setTimer2
                0x0000000008000d34       0x38 ./Core/Src/software_timer.o
                0x0000000008000d34                setTimer2
 .text.setTimer3
                0x0000000008000d6c       0x38 ./Core/Src/software_timer.o
                0x0000000008000d6c                setTimer3
 .text.setTimer4
                0x0000000008000da4       0x38 ./Core/Src/software_timer.o
                0x0000000008000da4                setTimer4
 .text.setTimer5
                0x0000000008000ddc       0x38 ./Core/Src/software_timer.o
                0x0000000008000ddc                setTimer5
 .text.setTimer6
                0x0000000008000e14       0x38 ./Core/Src/software_timer.o
                0x0000000008000e14                setTimer6
 .text.setTimer7
                0x0000000008000e4c       0x38 ./Core/Src/software_timer.o
                0x0000000008000e4c                setTimer7
 .text.setTimer8
                0x0000000008000e84       0x38 ./Core/Src/software_timer.o
                0x0000000008000e84                setTimer8
 .text.get_timer2_counter
                0x0000000008000ebc       0x1c ./Core/Src/software_timer.o
                0x0000000008000ebc                get_timer2_counter
 .text.get_timer4_counter
                0x0000000008000ed8       0x1c ./Core/Src/software_timer.o
                0x0000000008000ed8                get_timer4_counter
 .text.timerInit
                0x0000000008000ef4       0x32 ./Core/Src/software_timer.o
                0x0000000008000ef4                timerInit
 *fill*         0x0000000008000f26        0x2 
 .text.timerRun
                0x0000000008000f28      0x14c ./Core/Src/software_timer.o
                0x0000000008000f28                timerRun
 .text.HAL_MspInit
                0x0000000008001074       0x64 ./Core/Src/stm32f1xx_hal_msp.o
                0x0000000008001074                HAL_MspInit
 .text.HAL_TIM_Base_MspInit
                0x00000000080010d8       0x70 ./Core/Src/stm32f1xx_hal_msp.o
                0x00000000080010d8                HAL_TIM_Base_MspInit
 .text.HAL_TIM_MspPostInit
                0x0000000008001148       0x64 ./Core/Src/stm32f1xx_hal_msp.o
                0x0000000008001148                HAL_TIM_MspPostInit
 .text.HAL_UART_MspInit
                0x00000000080011ac       0xa4 ./Core/Src/stm32f1xx_hal_msp.o
                0x00000000080011ac                HAL_UART_MspInit
 .text.NMI_Handler
                0x0000000008001250        0x6 ./Core/Src/stm32f1xx_it.o
                0x0000000008001250                NMI_Handler
 .text.HardFault_Handler
                0x0000000008001256        0x6 ./Core/Src/stm32f1xx_it.o
                0x0000000008001256                HardFault_Handler
 .text.MemManage_Handler
                0x000000000800125c        0x6 ./Core/Src/stm32f1xx_it.o
                0x000000000800125c                MemManage_Handler
 .text.BusFault_Handler
                0x0000000008001262        0x6 ./Core/Src/stm32f1xx_it.o
                0x0000000008001262                BusFault_Handler
 .text.UsageFault_Handler
                0x0000000008001268        0x6 ./Core/Src/stm32f1xx_it.o
                0x0000000008001268                UsageFault_Handler
 .text.SVC_Handler
                0x000000000800126e        0xc ./Core/Src/stm32f1xx_it.o
                0x000000000800126e                SVC_Handler
 .text.DebugMon_Handler
                0x000000000800127a        0xc ./Core/Src/stm32f1xx_it.o
                0x000000000800127a                DebugMon_Handler
 .text.PendSV_Handler
                0x0000000008001286        0xc ./Core/Src/stm32f1xx_it.o
                0x0000000008001286                PendSV_Handler
 .text.SysTick_Handler
                0x0000000008001292        0xc ./Core/Src/stm32f1xx_it.o
                0x0000000008001292                SysTick_Handler
 *fill*         0x000000000800129e        0x2 
 .text.TIM2_IRQHandler
                0x00000000080012a0       0x14 ./Core/Src/stm32f1xx_it.o
                0x00000000080012a0                TIM2_IRQHandler
 .text.USART2_IRQHandler
                0x00000000080012b4       0x14 ./Core/Src/stm32f1xx_it.o
                0x00000000080012b4                USART2_IRQHandler
 .text._sbrk    0x00000000080012c8       0x6c ./Core/Src/sysmem.o
                0x00000000080012c8                _sbrk
 .text.SystemInit
                0x0000000008001334        0xc ./Core/Src/system_stm32f1xx.o
                0x0000000008001334                SystemInit
 .text.fsm_automatic_run1
                0x0000000008001340      0x15c ./Core/Src/traffic_automatic.o
                0x0000000008001340                fsm_automatic_run1
 .text.fsm_automatic_run2
                0x000000000800149c      0x154 ./Core/Src/traffic_automatic.o
                0x000000000800149c                fsm_automatic_run2
 .text.fsm_manual_run1
                0x00000000080015f0      0x16c ./Core/Src/traffic_manual.o
                0x00000000080015f0                fsm_manual_run1
 .text.fsm_manual_run2
                0x000000000800175c      0x150 ./Core/Src/traffic_manual.o
                0x000000000800175c                fsm_manual_run2
 .text.fsm_tuning_run1
                0x00000000080018ac       0xf8 ./Core/Src/traffic_tuning.o
                0x00000000080018ac                fsm_tuning_run1
 .text.fsm_tuning_run2
                0x00000000080019a4       0xf0 ./Core/Src/traffic_tuning.o
                0x00000000080019a4                fsm_tuning_run2
 .text.uartRun  0x0000000008001a94      0x134 ./Core/Src/uart.o
                0x0000000008001a94                uartRun
 .text.Reset_Handler
                0x0000000008001bc8       0x48 ./Core/Startup/startup_stm32f103rbtx.o
                0x0000000008001bc8                Reset_Handler
 .text.Default_Handler
                0x0000000008001c10        0x2 ./Core/Startup/startup_stm32f103rbtx.o
                0x0000000008001c10                RTC_Alarm_IRQHandler
                0x0000000008001c10                EXTI2_IRQHandler
                0x0000000008001c10                TIM1_CC_IRQHandler
                0x0000000008001c10                PVD_IRQHandler
                0x0000000008001c10                EXTI3_IRQHandler
                0x0000000008001c10                EXTI0_IRQHandler
                0x0000000008001c10                I2C2_EV_IRQHandler
                0x0000000008001c10                ADC1_2_IRQHandler
                0x0000000008001c10                SPI1_IRQHandler
                0x0000000008001c10                TAMPER_IRQHandler
                0x0000000008001c10                DMA1_Channel4_IRQHandler
                0x0000000008001c10                USART3_IRQHandler
                0x0000000008001c10                RTC_IRQHandler
                0x0000000008001c10                DMA1_Channel7_IRQHandler
                0x0000000008001c10                CAN1_RX1_IRQHandler
                0x0000000008001c10                TIM4_IRQHandler
                0x0000000008001c10                I2C1_EV_IRQHandler
                0x0000000008001c10                DMA1_Channel6_IRQHandler
                0x0000000008001c10                TIM3_IRQHandler
                0x0000000008001c10                RCC_IRQHandler
                0x0000000008001c10                TIM1_TRG_COM_IRQHandler
                0x0000000008001c10                DMA1_Channel1_IRQHandler
                0x0000000008001c10                Default_Handler
                0x0000000008001c10                EXTI15_10_IRQHandler
                0x0000000008001c10                EXTI9_5_IRQHandler
                0x0000000008001c10                SPI2_IRQHandler
                0x0000000008001c10                DMA1_Channel5_IRQHandler
                0x0000000008001c10                EXTI4_IRQHandler
                0x0000000008001c10                USB_LP_CAN1_RX0_IRQHandler
                0x0000000008001c10                USB_HP_CAN1_TX_IRQHandler
                0x0000000008001c10                DMA1_Channel3_IRQHandler
                0x0000000008001c10                TIM1_UP_IRQHandler
                0x0000000008001c10                WWDG_IRQHandler
                0x0000000008001c10                TIM1_BRK_IRQHandler
                0x0000000008001c10                EXTI1_IRQHandler
                0x0000000008001c10                I2C2_ER_IRQHandler
                0x0000000008001c10                DMA1_Channel2_IRQHandler
                0x0000000008001c10                CAN1_SCE_IRQHandler
                0x0000000008001c10                FLASH_IRQHandler
                0x0000000008001c10                USART1_IRQHandler
                0x0000000008001c10                I2C1_ER_IRQHandler
                0x0000000008001c10                USBWakeUp_IRQHandler
 *fill*         0x0000000008001c12        0x2 
 .text.HAL_Init
                0x0000000008001c14       0x2c ./Drivers/STM32F1xx_HAL_Driver/Src/stm32f1xx_hal.o
                0x0000000008001c14                HAL_Init
 .text.HAL_InitTick
                0x0000000008001c40       0x60 ./Drivers/STM32F1xx_HAL_Driver/Src/stm32f1xx_hal.o
                0x0000000008001c40                HAL_InitTick
 .text.HAL_IncTick
                0x0000000008001ca0       0x24 ./Drivers/STM32F1xx_HAL_Driver/Src/stm32f1xx_hal.o
                0x0000000008001ca0                HAL_IncTick
 .text.HAL_GetTick
                0x0000000008001cc4       0x14 ./Drivers/STM32F1xx_HAL_Driver/Src/stm32f1xx_hal.o
                0x0000000008001cc4                HAL_GetTick
 .text.__NVIC_SetPriorityGrouping
                0x0000000008001cd8       0x48 ./Drivers/STM32F1xx_HAL_Driver/Src/stm32f1xx_hal_cortex.o
 .text.__NVIC_GetPriorityGrouping
                0x0000000008001d20       0x1c ./Drivers/STM32F1xx_HAL_Driver/Src/stm32f1xx_hal_cortex.o
 .text.__NVIC_EnableIRQ
                0x0000000008001d3c       0x38 ./Drivers/STM32F1xx_HAL_Driver/Src/stm32f1xx_hal_cortex.o
 .text.__NVIC_SetPriority
                0x0000000008001d74       0x54 ./Drivers/STM32F1xx_HAL_Driver/Src/stm32f1xx_hal_cortex.o
 .text.NVIC_EncodePriority
                0x0000000008001dc8       0x64 ./Drivers/STM32F1xx_HAL_Driver/Src/stm32f1xx_hal_cortex.o
 .text.SysTick_Config
                0x0000000008001e2c       0x44 ./Drivers/STM32F1xx_HAL_Driver/Src/stm32f1xx_hal_cortex.o
 .text.HAL_NVIC_SetPriorityGrouping
                0x0000000008001e70       0x16 ./Drivers/STM32F1xx_HAL_Driver/Src/stm32f1xx_hal_cortex.o
                0x0000000008001e70                HAL_NVIC_SetPriorityGrouping
 .text.HAL_NVIC_SetPriority
                0x0000000008001e86       0x38 ./Drivers/STM32F1xx_HAL_Driver/Src/stm32f1xx_hal_cortex.o
                0x0000000008001e86                HAL_NVIC_SetPriority
 .text.HAL_NVIC_EnableIRQ
                0x0000000008001ebe       0x1c ./Drivers/STM32F1xx_HAL_Driver/Src/stm32f1xx_hal_cortex.o
                0x0000000008001ebe                HAL_NVIC_EnableIRQ
 .text.HAL_SYSTICK_Config
                0x0000000008001eda       0x18 ./Drivers/STM32F1xx_HAL_Driver/Src/stm32f1xx_hal_cortex.o
                0x0000000008001eda                HAL_SYSTICK_Config
 .text.HAL_DMA_Abort
                0x0000000008001ef2       0x74 ./Drivers/STM32F1xx_HAL_Driver/Src/stm32f1xx_hal_dma.o
                0x0000000008001ef2                HAL_DMA_Abort
 *fill*         0x0000000008001f66        0x2 
 .text.HAL_DMA_Abort_IT
                0x0000000008001f68       0xec ./Drivers/STM32F1xx_HAL_Driver/Src/stm32f1xx_hal_dma.o
                0x0000000008001f68                HAL_DMA_Abort_IT
 .text.HAL_GPIO_Init
                0x0000000008002054      0x308 ./Drivers/STM32F1xx_HAL_Driver/Src/stm32f1xx_hal_gpio.o
                0x0000000008002054                HAL_GPIO_Init
 .text.HAL_GPIO_ReadPin
                0x000000000800235c       0x2e ./Drivers/STM32F1xx_HAL_Driver/Src/stm32f1xx_hal_gpio.o
                0x000000000800235c                HAL_GPIO_ReadPin
 .text.HAL_GPIO_WritePin
                0x000000000800238a       0x30 ./Drivers/STM32F1xx_HAL_Driver/Src/stm32f1xx_hal_gpio.o
                0x000000000800238a                HAL_GPIO_WritePin
 .text.HAL_GPIO_TogglePin
                0x00000000080023ba       0x32 ./Drivers/STM32F1xx_HAL_Driver/Src/stm32f1xx_hal_gpio.o
                0x00000000080023ba                HAL_GPIO_TogglePin
 .text.HAL_RCC_OscConfig
                0x00000000080023ec      0x500 ./Drivers/STM32F1xx_HAL_Driver/Src/stm32f1xx_hal_rcc.o
                0x00000000080023ec                HAL_RCC_OscConfig
 .text.HAL_RCC_ClockConfig
                0x00000000080028ec      0x1d4 ./Drivers/STM32F1xx_HAL_Driver/Src/stm32f1xx_hal_rcc.o
                0x00000000080028ec                HAL_RCC_ClockConfig
 .text.HAL_RCC_GetSysClockFreq
                0x0000000008002ac0       0xc0 ./Drivers/STM32F1xx_HAL_Driver/Src/stm32f1xx_hal_rcc.o
                0x0000000008002ac0                HAL_RCC_GetSysClockFreq
 .text.HAL_RCC_GetHCLKFreq
                0x0000000008002b80       0x14 ./Drivers/STM32F1xx_HAL_Driver/Src/stm32f1xx_hal_rcc.o
                0x0000000008002b80                HAL_RCC_GetHCLKFreq
 .text.HAL_RCC_GetPCLK1Freq
                0x0000000008002b94       0x28 ./Drivers/STM32F1xx_HAL_Driver/Src/stm32f1xx_hal_rcc.o
                0x0000000008002b94                HAL_RCC_GetPCLK1Freq
 .text.HAL_RCC_GetPCLK2Freq
                0x0000000008002bbc       0x28 ./Drivers/STM32F1xx_HAL_Driver/Src/stm32f1xx_hal_rcc.o
                0x0000000008002bbc                HAL_RCC_GetPCLK2Freq
 .text.RCC_Delay
                0x0000000008002be4       0x3c ./Drivers/STM32F1xx_HAL_Driver/Src/stm32f1xx_hal_rcc.o
 .text.HAL_TIM_Base_Init
                0x0000000008002c20       0x9e ./Drivers/STM32F1xx_HAL_Driver/Src/stm32f1xx_hal_tim.o
                0x0000000008002c20                HAL_TIM_Base_Init
 *fill*         0x0000000008002cbe        0x2 
 .text.HAL_TIM_Base_Start_IT
                0x0000000008002cc0       0xa4 ./Drivers/STM32F1xx_HAL_Driver/Src/stm32f1xx_hal_tim.o
                0x0000000008002cc0                HAL_TIM_Base_Start_IT
 .text.HAL_TIM_PWM_Init
                0x0000000008002d64       0x9e ./Drivers/STM32F1xx_HAL_Driver/Src/stm32f1xx_hal_tim.o
                0x0000000008002d64                HAL_TIM_PWM_Init
 .text.HAL_TIM_PWM_MspInit
                0x0000000008002e02       0x12 ./Drivers/STM32F1xx_HAL_Driver/Src/stm32f1xx_hal_tim.o
                0x0000000008002e02                HAL_TIM_PWM_MspInit
 .text.HAL_TIM_PWM_Start
                0x0000000008002e14      0x144 ./Drivers/STM32F1xx_HAL_Driver/Src/stm32f1xx_hal_tim.o
                0x0000000008002e14                HAL_TIM_PWM_Start
 .text.HAL_TIM_IRQHandler
                0x0000000008002f58      0x210 ./Drivers/STM32F1xx_HAL_Driver/Src/stm32f1xx_hal_tim.o
                0x0000000008002f58                HAL_TIM_IRQHandler
 .text.HAL_TIM_PWM_ConfigChannel
                0x0000000008003168      0x17c ./Drivers/STM32F1xx_HAL_Driver/Src/stm32f1xx_hal_tim.o
                0x0000000008003168                HAL_TIM_PWM_ConfigChannel
 .text.HAL_TIM_ConfigClockSource
                0x00000000080032e4      0x188 ./Drivers/STM32F1xx_HAL_Driver/Src/stm32f1xx_hal_tim.o
                0x00000000080032e4                HAL_TIM_ConfigClockSource
 .text.HAL_TIM_OC_DelayElapsedCallback
                0x000000000800346c       0x12 ./Drivers/STM32F1xx_HAL_Driver/Src/stm32f1xx_hal_tim.o
                0x000000000800346c                HAL_TIM_OC_DelayElapsedCallback
 .text.HAL_TIM_IC_CaptureCallback
                0x000000000800347e       0x12 ./Drivers/STM32F1xx_HAL_Driver/Src/stm32f1xx_hal_tim.o
                0x000000000800347e                HAL_TIM_IC_CaptureCallback
 .text.HAL_TIM_PWM_PulseFinishedCallback
                0x0000000008003490       0x12 ./Drivers/STM32F1xx_HAL_Driver/Src/stm32f1xx_hal_tim.o
                0x0000000008003490                HAL_TIM_PWM_PulseFinishedCallback
 .text.HAL_TIM_TriggerCallback
                0x00000000080034a2       0x12 ./Drivers/STM32F1xx_HAL_Driver/Src/stm32f1xx_hal_tim.o
                0x00000000080034a2                HAL_TIM_TriggerCallback
 .text.TIM_Base_SetConfig
                0x00000000080034b4       0xc4 ./Drivers/STM32F1xx_HAL_Driver/Src/stm32f1xx_hal_tim.o
                0x00000000080034b4                TIM_Base_SetConfig
 .text.TIM_OC1_SetConfig
                0x0000000008003578       0xcc ./Drivers/STM32F1xx_HAL_Driver/Src/stm32f1xx_hal_tim.o
 .text.TIM_OC2_SetConfig
                0x0000000008003644       0xd4 ./Drivers/STM32F1xx_HAL_Driver/Src/stm32f1xx_hal_tim.o
                0x0000000008003644                TIM_OC2_SetConfig
 .text.TIM_OC3_SetConfig
                0x0000000008003718       0xd4 ./Drivers/STM32F1xx_HAL_Driver/Src/stm32f1xx_hal_tim.o
 .text.TIM_OC4_SetConfig
                0x00000000080037ec       0x9c ./Drivers/STM32F1xx_HAL_Driver/Src/stm32f1xx_hal_tim.o
 .text.TIM_TI1_ConfigInputStage
                0x0000000008003888       0x5c ./Drivers/STM32F1xx_HAL_Driver/Src/stm32f1xx_hal_tim.o
 .text.TIM_TI2_ConfigInputStage
                0x00000000080038e4       0x5e ./Drivers/STM32F1xx_HAL_Driver/Src/stm32f1xx_hal_tim.o
 .text.TIM_ITRx_SetConfig
                0x0000000008003942       0x34 ./Drivers/STM32F1xx_HAL_Driver/Src/stm32f1xx_hal_tim.o
 .text.TIM_ETR_SetConfig
                0x0000000008003976       0x3e ./Drivers/STM32F1xx_HAL_Driver/Src/stm32f1xx_hal_tim.o
                0x0000000008003976                TIM_ETR_SetConfig
 .text.TIM_CCxChannelCmd
                0x00000000080039b4       0x48 ./Drivers/STM32F1xx_HAL_Driver/Src/stm32f1xx_hal_tim.o
                0x00000000080039b4                TIM_CCxChannelCmd
 .text.HAL_TIMEx_MasterConfigSynchronization
                0x00000000080039fc       0xbc ./Drivers/STM32F1xx_HAL_Driver/Src/stm32f1xx_hal_tim_ex.o
                0x00000000080039fc                HAL_TIMEx_MasterConfigSynchronization
 .text.HAL_TIMEx_CommutCallback
                0x0000000008003ab8       0x12 ./Drivers/STM32F1xx_HAL_Driver/Src/stm32f1xx_hal_tim_ex.o
                0x0000000008003ab8                HAL_TIMEx_CommutCallback
 .text.HAL_TIMEx_BreakCallback
                0x0000000008003aca       0x12 ./Drivers/STM32F1xx_HAL_Driver/Src/stm32f1xx_hal_tim_ex.o
                0x0000000008003aca                HAL_TIMEx_BreakCallback
 .text.HAL_UART_Init
                0x0000000008003adc       0x9a ./Drivers/STM32F1xx_HAL_Driver/Src/stm32f1xx_hal_uart.o
                0x0000000008003adc                HAL_UART_Init
 .text.HAL_UART_Transmit
                0x0000000008003b76      0x124 ./Drivers/STM32F1xx_HAL_Driver/Src/stm32f1xx_hal_uart.o
                0x0000000008003b76                HAL_UART_Transmit
 *fill*         0x0000000008003c9a        0x2 
 .text.HAL_UART_IRQHandler
                0x0000000008003c9c      0x354 ./Drivers/STM32F1xx_HAL_Driver/Src/stm32f1xx_hal_uart.o
                0x0000000008003c9c                HAL_UART_IRQHandler
 .text.HAL_UART_TxCpltCallback
                0x0000000008003ff0       0x12 ./Drivers/STM32F1xx_HAL_Driver/Src/stm32f1xx_hal_uart.o
                0x0000000008003ff0                HAL_UART_TxCpltCallback
 .text.HAL_UART_RxCpltCallback
                0x0000000008004002       0x12 ./Drivers/STM32F1xx_HAL_Driver/Src/stm32f1xx_hal_uart.o
                0x0000000008004002                HAL_UART_RxCpltCallback
 .text.HAL_UART_ErrorCallback
                0x0000000008004014       0x12 ./Drivers/STM32F1xx_HAL_Driver/Src/stm32f1xx_hal_uart.o
                0x0000000008004014                HAL_UART_ErrorCallback
 .text.HAL_UARTEx_RxEventCallback
                0x0000000008004026       0x16 ./Drivers/STM32F1xx_HAL_Driver/Src/stm32f1xx_hal_uart.o
                0x0000000008004026                HAL_UARTEx_RxEventCallback
 .text.UART_WaitOnFlagUntilTimeout
                0x000000000800403c       0x94 ./Drivers/STM32F1xx_HAL_Driver/Src/stm32f1xx_hal_uart.o
 .text.UART_EndRxTransfer
                0x00000000080040d0       0x58 ./Drivers/STM32F1xx_HAL_Driver/Src/stm32f1xx_hal_uart.o
 .text.UART_DMAAbortOnError
                0x0000000008004128       0x28 ./Drivers/STM32F1xx_HAL_Driver/Src/stm32f1xx_hal_uart.o
 .text.UART_Transmit_IT
                0x0000000008004150       0x9e ./Drivers/STM32F1xx_HAL_Driver/Src/stm32f1xx_hal_uart.o
 .text.UART_EndTransmit_IT
                0x00000000080041ee       0x30 ./Drivers/STM32F1xx_HAL_Driver/Src/stm32f1xx_hal_uart.o
 .text.UART_Receive_IT
                0x000000000800421e      0x152 ./Drivers/STM32F1xx_HAL_Driver/Src/stm32f1xx_hal_uart.o
 .text.UART_SetConfig
                0x0000000008004370      0x11c ./Drivers/STM32F1xx_HAL_Driver/Src/stm32f1xx_hal_uart.o
 .text.__errno  0x000000000800448c        0xc d:/lam/stm32cubeide_1.7.0/stm32cubeide/plugins/com.st.stm32cube.ide.mcu.externaltools.gnu-tools-for-stm32.9-2020-q2-update.win32_2.0.0.202105311346/tools/bin/../lib/gcc/arm-none-eabi/9.3.1/../../../../arm-none-eabi/lib/thumb/v7-m/nofp\libc_nano.a(lib_a-errno.o)
                0x000000000800448c                __errno
 .text.__libc_init_array
                0x0000000008004498       0x48 d:/lam/stm32cubeide_1.7.0/stm32cubeide/plugins/com.st.stm32cube.ide.mcu.externaltools.gnu-tools-for-stm32.9-2020-q2-update.win32_2.0.0.202105311346/tools/bin/../lib/gcc/arm-none-eabi/9.3.1/../../../../arm-none-eabi/lib/thumb/v7-m/nofp\libc_nano.a(lib_a-init.o)
                0x0000000008004498                __libc_init_array
 .text.memset   0x00000000080044e0       0x10 d:/lam/stm32cubeide_1.7.0/stm32cubeide/plugins/com.st.stm32cube.ide.mcu.externaltools.gnu-tools-for-stm32.9-2020-q2-update.win32_2.0.0.202105311346/tools/bin/../lib/gcc/arm-none-eabi/9.3.1/../../../../arm-none-eabi/lib/thumb/v7-m/nofp\libc_nano.a(lib_a-memset.o)
                0x00000000080044e0                memset
 .text.sprintf  0x00000000080044f0       0x40 d:/lam/stm32cubeide_1.7.0/stm32cubeide/plugins/com.st.stm32cube.ide.mcu.externaltools.gnu-tools-for-stm32.9-2020-q2-update.win32_2.0.0.202105311346/tools/bin/../lib/gcc/arm-none-eabi/9.3.1/../../../../arm-none-eabi/lib/thumb/v7-m/nofp\libc_nano.a(lib_a-sprintf.o)
                0x00000000080044f0                siprintf
                0x00000000080044f0                sprintf
 .text.__ssputs_r
                0x0000000008004530       0xb6 d:/lam/stm32cubeide_1.7.0/stm32cubeide/plugins/com.st.stm32cube.ide.mcu.externaltools.gnu-tools-for-stm32.9-2020-q2-update.win32_2.0.0.202105311346/tools/bin/../lib/gcc/arm-none-eabi/9.3.1/../../../../arm-none-eabi/lib/thumb/v7-m/nofp\libc_nano.a(lib_a-nano-svfprintf.o)
                0x0000000008004530                __ssputs_r
 *fill*         0x00000000080045e6        0x2 
 .text._svfprintf_r
                0x00000000080045e8      0x200 d:/lam/stm32cubeide_1.7.0/stm32cubeide/plugins/com.st.stm32cube.ide.mcu.externaltools.gnu-tools-for-stm32.9-2020-q2-update.win32_2.0.0.202105311346/tools/bin/../lib/gcc/arm-none-eabi/9.3.1/../../../../arm-none-eabi/lib/thumb/v7-m/nofp\libc_nano.a(lib_a-nano-svfprintf.o)
                0x00000000080045e8                _svfiprintf_r
                0x00000000080045e8                _svfprintf_r
 .text._printf_common
                0x00000000080047e8       0xde d:/lam/stm32cubeide_1.7.0/stm32cubeide/plugins/com.st.stm32cube.ide.mcu.externaltools.gnu-tools-for-stm32.9-2020-q2-update.win32_2.0.0.202105311346/tools/bin/../lib/gcc/arm-none-eabi/9.3.1/../../../../arm-none-eabi/lib/thumb/v7-m/nofp\libc_nano.a(lib_a-nano-vfprintf_i.o)
                0x00000000080047e8                _printf_common
 *fill*         0x00000000080048c6        0x2 
 .text._printf_i
                0x00000000080048c8      0x24c d:/lam/stm32cubeide_1.7.0/stm32cubeide/plugins/com.st.stm32cube.ide.mcu.externaltools.gnu-tools-for-stm32.9-2020-q2-update.win32_2.0.0.202105311346/tools/bin/../lib/gcc/arm-none-eabi/9.3.1/../../../../arm-none-eabi/lib/thumb/v7-m/nofp\libc_nano.a(lib_a-nano-vfprintf_i.o)
                0x00000000080048c8                _printf_i
 .text.memchr   0x0000000008004b14       0x1c d:/lam/stm32cubeide_1.7.0/stm32cubeide/plugins/com.st.stm32cube.ide.mcu.externaltools.gnu-tools-for-stm32.9-2020-q2-update.win32_2.0.0.202105311346/tools/bin/../lib/gcc/arm-none-eabi/9.3.1/../../../../arm-none-eabi/lib/thumb/v7-m/nofp\libc_nano.a(lib_a-memchr-stub.o)
                0x0000000008004b14                memchr
 .text.memcpy   0x0000000008004b30       0x1c d:/lam/stm32cubeide_1.7.0/stm32cubeide/plugins/com.st.stm32cube.ide.mcu.externaltools.gnu-tools-for-stm32.9-2020-q2-update.win32_2.0.0.202105311346/tools/bin/../lib/gcc/arm-none-eabi/9.3.1/../../../../arm-none-eabi/lib/thumb/v7-m/nofp\libc_nano.a(lib_a-memcpy-stub.o)
                0x0000000008004b30                memcpy
 .text.memmove  0x0000000008004b4c       0x34 d:/lam/stm32cubeide_1.7.0/stm32cubeide/plugins/com.st.stm32cube.ide.mcu.externaltools.gnu-tools-for-stm32.9-2020-q2-update.win32_2.0.0.202105311346/tools/bin/../lib/gcc/arm-none-eabi/9.3.1/../../../../arm-none-eabi/lib/thumb/v7-m/nofp\libc_nano.a(lib_a-memmove.o)
                0x0000000008004b4c                memmove
 .text._free_r  0x0000000008004b80       0x98 d:/lam/stm32cubeide_1.7.0/stm32cubeide/plugins/com.st.stm32cube.ide.mcu.externaltools.gnu-tools-for-stm32.9-2020-q2-update.win32_2.0.0.202105311346/tools/bin/../lib/gcc/arm-none-eabi/9.3.1/../../../../arm-none-eabi/lib/thumb/v7-m/nofp\libc_nano.a(lib_a-nano-freer.o)
                0x0000000008004b80                _free_r
 .text._malloc_r
                0x0000000008004c18       0xb4 d:/lam/stm32cubeide_1.7.0/stm32cubeide/plugins/com.st.stm32cube.ide.mcu.externaltools.gnu-tools-for-stm32.9-2020-q2-update.win32_2.0.0.202105311346/tools/bin/../lib/gcc/arm-none-eabi/9.3.1/../../../../arm-none-eabi/lib/thumb/v7-m/nofp\libc_nano.a(lib_a-nano-mallocr.o)
                0x0000000008004c18                _malloc_r
 .text._realloc_r
                0x0000000008004ccc       0x4c d:/lam/stm32cubeide_1.7.0/stm32cubeide/plugins/com.st.stm32cube.ide.mcu.externaltools.gnu-tools-for-stm32.9-2020-q2-update.win32_2.0.0.202105311346/tools/bin/../lib/gcc/arm-none-eabi/9.3.1/../../../../arm-none-eabi/lib/thumb/v7-m/nofp\libc_nano.a(lib_a-nano-reallocr.o)
                0x0000000008004ccc                _realloc_r
 .text._sbrk_r  0x0000000008004d18       0x20 d:/lam/stm32cubeide_1.7.0/stm32cubeide/plugins/com.st.stm32cube.ide.mcu.externaltools.gnu-tools-for-stm32.9-2020-q2-update.win32_2.0.0.202105311346/tools/bin/../lib/gcc/arm-none-eabi/9.3.1/../../../../arm-none-eabi/lib/thumb/v7-m/nofp\libc_nano.a(lib_a-sbrkr.o)
                0x0000000008004d18                _sbrk_r
 .text.__malloc_lock
                0x0000000008004d38        0xc d:/lam/stm32cubeide_1.7.0/stm32cubeide/plugins/com.st.stm32cube.ide.mcu.externaltools.gnu-tools-for-stm32.9-2020-q2-update.win32_2.0.0.202105311346/tools/bin/../lib/gcc/arm-none-eabi/9.3.1/../../../../arm-none-eabi/lib/thumb/v7-m/nofp\libc_nano.a(lib_a-mlock.o)
                0x0000000008004d38                __malloc_lock
 .text.__malloc_unlock
                0x0000000008004d44        0xc d:/lam/stm32cubeide_1.7.0/stm32cubeide/plugins/com.st.stm32cube.ide.mcu.externaltools.gnu-tools-for-stm32.9-2020-q2-update.win32_2.0.0.202105311346/tools/bin/../lib/gcc/arm-none-eabi/9.3.1/../../../../arm-none-eabi/lib/thumb/v7-m/nofp\libc_nano.a(lib_a-mlock.o)
                0x0000000008004d44                __malloc_unlock
 .text._malloc_usable_size_r
                0x0000000008004d50       0x10 d:/lam/stm32cubeide_1.7.0/stm32cubeide/plugins/com.st.stm32cube.ide.mcu.externaltools.gnu-tools-for-stm32.9-2020-q2-update.win32_2.0.0.202105311346/tools/bin/../lib/gcc/arm-none-eabi/9.3.1/../../../../arm-none-eabi/lib/thumb/v7-m/nofp\libc_nano.a(lib_a-nano-msizer.o)
                0x0000000008004d50                _malloc_usable_size_r
 .text.__retarget_lock_acquire_recursive
                0x0000000008004d60        0x2 d:/lam/stm32cubeide_1.7.0/stm32cubeide/plugins/com.st.stm32cube.ide.mcu.externaltools.gnu-tools-for-stm32.9-2020-q2-update.win32_2.0.0.202105311346/tools/bin/../lib/gcc/arm-none-eabi/9.3.1/../../../../arm-none-eabi/lib/thumb/v7-m/nofp\libc_nano.a(lib_a-lock.o)
                0x0000000008004d60                __retarget_lock_acquire_recursive
 .text.__retarget_lock_release_recursive
                0x0000000008004d62        0x2 d:/lam/stm32cubeide_1.7.0/stm32cubeide/plugins/com.st.stm32cube.ide.mcu.externaltools.gnu-tools-for-stm32.9-2020-q2-update.win32_2.0.0.202105311346/tools/bin/../lib/gcc/arm-none-eabi/9.3.1/../../../../arm-none-eabi/lib/thumb/v7-m/nofp\libc_nano.a(lib_a-lock.o)
                0x0000000008004d62                __retarget_lock_release_recursive
 *(.glue_7)
 .glue_7        0x0000000008004d64        0x0 linker stubs
 *(.glue_7t)
 .glue_7t       0x0000000008004d64        0x0 linker stubs
 *(.eh_frame)
 .eh_frame      0x0000000008004d64        0x0 d:/lam/stm32cubeide_1.7.0/stm32cubeide/plugins/com.st.stm32cube.ide.mcu.externaltools.gnu-tools-for-stm32.9-2020-q2-update.win32_2.0.0.202105311346/tools/bin/../lib/gcc/arm-none-eabi/9.3.1/thumb/v7-m/nofp/crtbegin.o
 *(.init)
 .init          0x0000000008004d64        0x4 d:/lam/stm32cubeide_1.7.0/stm32cubeide/plugins/com.st.stm32cube.ide.mcu.externaltools.gnu-tools-for-stm32.9-2020-q2-update.win32_2.0.0.202105311346/tools/bin/../lib/gcc/arm-none-eabi/9.3.1/thumb/v7-m/nofp/crti.o
                0x0000000008004d64                _init
 .init          0x0000000008004d68        0x8 d:/lam/stm32cubeide_1.7.0/stm32cubeide/plugins/com.st.stm32cube.ide.mcu.externaltools.gnu-tools-for-stm32.9-2020-q2-update.win32_2.0.0.202105311346/tools/bin/../lib/gcc/arm-none-eabi/9.3.1/thumb/v7-m/nofp/crtn.o
 *(.fini)
 .fini          0x0000000008004d70        0x4 d:/lam/stm32cubeide_1.7.0/stm32cubeide/plugins/com.st.stm32cube.ide.mcu.externaltools.gnu-tools-for-stm32.9-2020-q2-update.win32_2.0.0.202105311346/tools/bin/../lib/gcc/arm-none-eabi/9.3.1/thumb/v7-m/nofp/crti.o
                0x0000000008004d70                _fini
 .fini          0x0000000008004d74        0x8 d:/lam/stm32cubeide_1.7.0/stm32cubeide/plugins/com.st.stm32cube.ide.mcu.externaltools.gnu-tools-for-stm32.9-2020-q2-update.win32_2.0.0.202105311346/tools/bin/../lib/gcc/arm-none-eabi/9.3.1/thumb/v7-m/nofp/crtn.o
                0x0000000008004d7c                . = ALIGN (0x4)
                0x0000000008004d7c                _etext = .

.vfp11_veneer   0x0000000008004d7c        0x0
 .vfp11_veneer  0x0000000008004d7c        0x0 linker stubs

.v4_bx          0x0000000008004d7c        0x0
 .v4_bx         0x0000000008004d7c        0x0 linker stubs

.iplt           0x0000000008004d7c        0x0
 .iplt          0x0000000008004d7c        0x0 d:/lam/stm32cubeide_1.7.0/stm32cubeide/plugins/com.st.stm32cube.ide.mcu.externaltools.gnu-tools-for-stm32.9-2020-q2-update.win32_2.0.0.202105311346/tools/bin/../lib/gcc/arm-none-eabi/9.3.1/thumb/v7-m/nofp/crtbegin.o

.rodata         0x0000000008004d7c       0x68
                0x0000000008004d7c                . = ALIGN (0x4)
 *(.rodata)
 .rodata        0x0000000008004d7c        0xa ./Core/Src/uart.o
 *fill*         0x0000000008004d86        0x2 
 .rodata        0x0000000008004d88       0x10 ./Drivers/STM32F1xx_HAL_Driver/Src/stm32f1xx_hal_rcc.o
 *(.rodata*)
 .rodata.AHBPrescTable
                0x0000000008004d98       0x10 ./Core/Src/system_stm32f1xx.o
                0x0000000008004d98                AHBPrescTable
 .rodata.APBPrescTable
                0x0000000008004da8        0x8 ./Core/Src/system_stm32f1xx.o
                0x0000000008004da8                APBPrescTable
 .rodata._svfprintf_r.str1.1
                0x0000000008004db0       0x11 d:/lam/stm32cubeide_1.7.0/stm32cubeide/plugins/com.st.stm32cube.ide.mcu.externaltools.gnu-tools-for-stm32.9-2020-q2-update.win32_2.0.0.202105311346/tools/bin/../lib/gcc/arm-none-eabi/9.3.1/../../../../arm-none-eabi/lib/thumb/v7-m/nofp\libc_nano.a(lib_a-nano-svfprintf.o)
 .rodata._printf_i.str1.1
                0x0000000008004dc1       0x22 d:/lam/stm32cubeide_1.7.0/stm32cubeide/plugins/com.st.stm32cube.ide.mcu.externaltools.gnu-tools-for-stm32.9-2020-q2-update.win32_2.0.0.202105311346/tools/bin/../lib/gcc/arm-none-eabi/9.3.1/../../../../arm-none-eabi/lib/thumb/v7-m/nofp\libc_nano.a(lib_a-nano-vfprintf_i.o)
                0x0000000008004de4                . = ALIGN (0x4)
 *fill*         0x0000000008004de3        0x1 

.rel.dyn        0x0000000008004de4        0x0
 .rel.iplt      0x0000000008004de4        0x0 d:/lam/stm32cubeide_1.7.0/stm32cubeide/plugins/com.st.stm32cube.ide.mcu.externaltools.gnu-tools-for-stm32.9-2020-q2-update.win32_2.0.0.202105311346/tools/bin/../lib/gcc/arm-none-eabi/9.3.1/thumb/v7-m/nofp/crtbegin.o

.ARM.extab      0x0000000008004de4        0x0
                0x0000000008004de4                . = ALIGN (0x4)
 *(.ARM.extab* .gnu.linkonce.armextab.*)
                0x0000000008004de4                . = ALIGN (0x4)

.ARM            0x0000000008004de4        0x0
                0x0000000008004de4                . = ALIGN (0x4)
                0x0000000008004de4                __exidx_start = .
 *(.ARM.exidx*)
                0x0000000008004de4                __exidx_end = .
                0x0000000008004de4                . = ALIGN (0x4)

.preinit_array  0x0000000008004de4        0x0
                0x0000000008004de4                . = ALIGN (0x4)
                0x0000000008004de4                PROVIDE (__preinit_array_start = .)
 *(.preinit_array*)
                0x0000000008004de4                PROVIDE (__preinit_array_end = .)
                0x0000000008004de4                . = ALIGN (0x4)

.init_array     0x0000000008004de4        0x4
                0x0000000008004de4                . = ALIGN (0x4)
                0x0000000008004de4                PROVIDE (__init_array_start = .)
 *(SORT_BY_NAME(.init_array.*))
 *(.init_array*)
 .init_array    0x0000000008004de4        0x4 d:/lam/stm32cubeide_1.7.0/stm32cubeide/plugins/com.st.stm32cube.ide.mcu.externaltools.gnu-tools-for-stm32.9-2020-q2-update.win32_2.0.0.202105311346/tools/bin/../lib/gcc/arm-none-eabi/9.3.1/thumb/v7-m/nofp/crtbegin.o
                0x0000000008004de8                PROVIDE (__init_array_end = .)
                0x0000000008004de8                . = ALIGN (0x4)

.fini_array     0x0000000008004de8        0x4
                0x0000000008004de8                . = ALIGN (0x4)
                [!provide]                        PROVIDE (__fini_array_start = .)
 *(SORT_BY_NAME(.fini_array.*))
 *(.fini_array*)
 .fini_array    0x0000000008004de8        0x4 d:/lam/stm32cubeide_1.7.0/stm32cubeide/plugins/com.st.stm32cube.ide.mcu.externaltools.gnu-tools-for-stm32.9-2020-q2-update.win32_2.0.0.202105311346/tools/bin/../lib/gcc/arm-none-eabi/9.3.1/thumb/v7-m/nofp/crtbegin.o
                [!provide]                        PROVIDE (__fini_array_end = .)
                0x0000000008004dec                . = ALIGN (0x4)
                0x0000000008004dec                _sidata = LOADADDR (.data)

.data           0x0000000020000000       0xcc load address 0x0000000008004dec
                0x0000000020000000                . = ALIGN (0x4)
                0x0000000020000000                _sdata = .
 *(.data)
 *(.data*)
 .data.KeyReg0  0x0000000020000000       0x10 ./Core/Src/button.o
                0x0000000020000000                KeyReg0
 .data.KeyReg1  0x0000000020000010       0x10 ./Core/Src/button.o
                0x0000000020000010                KeyReg1
 .data.KeyReg2  0x0000000020000020       0x10 ./Core/Src/button.o
                0x0000000020000020                KeyReg2
 .data.KeyReg3  0x0000000020000030       0x10 ./Core/Src/button.o
                0x0000000020000030                KeyReg3
 .data.timeForKeyPressed
                0x0000000020000040       0x10 ./Core/Src/button.o
                0x0000000020000040                timeForKeyPressed
 .data.redTime  0x0000000020000050        0x4 ./Core/Src/global.o
                0x0000000020000050                redTime
 .data.amberTime
                0x0000000020000054        0x4 ./Core/Src/global.o
                0x0000000020000054                amberTime
 .data.greenTime
                0x0000000020000058        0x4 ./Core/Src/global.o
                0x0000000020000058                greenTime
 .data.SystemCoreClock
                0x000000002000005c        0x4 ./Core/Src/system_stm32f1xx.o
                0x000000002000005c                SystemCoreClock
 .data.uwTickPrio
                0x0000000020000060        0x4 ./Drivers/STM32F1xx_HAL_Driver/Src/stm32f1xx_hal.o
                0x0000000020000060                uwTickPrio
 .data.uwTickFreq
                0x0000000020000064        0x1 ./Drivers/STM32F1xx_HAL_Driver/Src/stm32f1xx_hal.o
                0x0000000020000064                uwTickFreq
 *fill*         0x0000000020000065        0x3 
 .data._impure_ptr
                0x0000000020000068        0x4 d:/lam/stm32cubeide_1.7.0/stm32cubeide/plugins/com.st.stm32cube.ide.mcu.externaltools.gnu-tools-for-stm32.9-2020-q2-update.win32_2.0.0.202105311346/tools/bin/../lib/gcc/arm-none-eabi/9.3.1/../../../../arm-none-eabi/lib/thumb/v7-m/nofp\libc_nano.a(lib_a-impure.o)
                0x0000000020000068                _impure_ptr
 .data.impure_data
                0x000000002000006c       0x60 d:/lam/stm32cubeide_1.7.0/stm32cubeide/plugins/com.st.stm32cube.ide.mcu.externaltools.gnu-tools-for-stm32.9-2020-q2-update.win32_2.0.0.202105311346/tools/bin/../lib/gcc/arm-none-eabi/9.3.1/../../../../arm-none-eabi/lib/thumb/v7-m/nofp\libc_nano.a(lib_a-impure.o)
 *(.RamFunc)
 *(.RamFunc*)
                0x00000000200000cc                . = ALIGN (0x4)
                0x00000000200000cc                _edata = .

.igot.plt       0x00000000200000cc        0x0 load address 0x0000000008004eb8
 .igot.plt      0x00000000200000cc        0x0 d:/lam/stm32cubeide_1.7.0/stm32cubeide/plugins/com.st.stm32cube.ide.mcu.externaltools.gnu-tools-for-stm32.9-2020-q2-update.win32_2.0.0.202105311346/tools/bin/../lib/gcc/arm-none-eabi/9.3.1/thumb/v7-m/nofp/crtbegin.o
                0x00000000200000cc                . = ALIGN (0x4)

.bss            0x00000000200000cc      0x180 load address 0x0000000008004eb8
                0x00000000200000cc                _sbss = .
                0x00000000200000cc                __bss_start__ = _sbss
 *(.bss)
 .bss           0x00000000200000cc       0x1c d:/lam/stm32cubeide_1.7.0/stm32cubeide/plugins/com.st.stm32cube.ide.mcu.externaltools.gnu-tools-for-stm32.9-2020-q2-update.win32_2.0.0.202105311346/tools/bin/../lib/gcc/arm-none-eabi/9.3.1/thumb/v7-m/nofp/crtbegin.o
 *(.bss*)
 .bss.button1_flag
                0x00000000200000e8        0x4 ./Core/Src/button.o
                0x00000000200000e8                button1_flag
 .bss.button2_flag
                0x00000000200000ec        0x4 ./Core/Src/button.o
                0x00000000200000ec                button2_flag
 .bss.button3_flag
                0x00000000200000f0        0x4 ./Core/Src/button.o
                0x00000000200000f0                button3_flag
 .bss.buttonPedes_flag
                0x00000000200000f4        0x4 ./Core/Src/button.o
                0x00000000200000f4                buttonPedes_flag
 .bss.buzzer_flag
                0x00000000200000f8        0x4 ./Core/Src/buzzer.o
                0x00000000200000f8                buzzer_flag
 .bss.state_1   0x00000000200000fc        0x4 ./Core/Src/global.o
                0x00000000200000fc                state_1
 .bss.state_2   0x0000000020000100        0x4 ./Core/Src/global.o
                0x0000000020000100                state_2
 .bss.mode      0x0000000020000104        0x4 ./Core/Src/global.o
                0x0000000020000104                mode
 .bss.pedes_state
                0x0000000020000108        0x4 ./Core/Src/pedestrian_light.o
                0x0000000020000108                pedes_state
 .bss.timer1_flag
                0x000000002000010c        0x4 ./Core/Src/software_timer.o
                0x000000002000010c                timer1_flag
 .bss.timer1_counter
                0x0000000020000110        0x4 ./Core/Src/software_timer.o
                0x0000000020000110                timer1_counter
 .bss.timer2_flag
                0x0000000020000114        0x4 ./Core/Src/software_timer.o
                0x0000000020000114                timer2_flag
 .bss.timer2_counter
                0x0000000020000118        0x4 ./Core/Src/software_timer.o
                0x0000000020000118                timer2_counter
 .bss.timer3_flag
                0x000000002000011c        0x4 ./Core/Src/software_timer.o
                0x000000002000011c                timer3_flag
 .bss.timer3_counter
                0x0000000020000120        0x4 ./Core/Src/software_timer.o
                0x0000000020000120                timer3_counter
 .bss.timer4_flag
                0x0000000020000124        0x4 ./Core/Src/software_timer.o
                0x0000000020000124                timer4_flag
 .bss.timer4_counter
                0x0000000020000128        0x4 ./Core/Src/software_timer.o
                0x0000000020000128                timer4_counter
 .bss.timer5_flag
                0x000000002000012c        0x4 ./Core/Src/software_timer.o
                0x000000002000012c                timer5_flag
 .bss.timer5_counter
                0x0000000020000130        0x4 ./Core/Src/software_timer.o
                0x0000000020000130                timer5_counter
 .bss.timer6_flag
                0x0000000020000134        0x4 ./Core/Src/software_timer.o
                0x0000000020000134                timer6_flag
 .bss.timer6_counter
                0x0000000020000138        0x4 ./Core/Src/software_timer.o
                0x0000000020000138                timer6_counter
 .bss.timer7_flag
                0x000000002000013c        0x4 ./Core/Src/software_timer.o
                0x000000002000013c                timer7_flag
 .bss.timer7_counter
                0x0000000020000140        0x4 ./Core/Src/software_timer.o
                0x0000000020000140                timer7_counter
 .bss.timer8_flag
                0x0000000020000144        0x4 ./Core/Src/software_timer.o
                0x0000000020000144                timer8_flag
 .bss.timer8_counter
                0x0000000020000148        0x4 ./Core/Src/software_timer.o
                0x0000000020000148                timer8_counter
 .bss.__sbrk_heap_end
                0x000000002000014c        0x4 ./Core/Src/sysmem.o
 .bss.__malloc_free_list
                0x0000000020000150        0x4 d:/lam/stm32cubeide_1.7.0/stm32cubeide/plugins/com.st.stm32cube.ide.mcu.externaltools.gnu-tools-for-stm32.9-2020-q2-update.win32_2.0.0.202105311346/tools/bin/../lib/gcc/arm-none-eabi/9.3.1/../../../../arm-none-eabi/lib/thumb/v7-m/nofp\libc_nano.a(lib_a-nano-mallocr.o)
                0x0000000020000150                __malloc_free_list
 .bss.__malloc_sbrk_start
                0x0000000020000154        0x4 d:/lam/stm32cubeide_1.7.0/stm32cubeide/plugins/com.st.stm32cube.ide.mcu.externaltools.gnu-tools-for-stm32.9-2020-q2-update.win32_2.0.0.202105311346/tools/bin/../lib/gcc/arm-none-eabi/9.3.1/../../../../arm-none-eabi/lib/thumb/v7-m/nofp\libc_nano.a(lib_a-nano-mallocr.o)
                0x0000000020000154                __malloc_sbrk_start
 *(COMMON)
 COMMON         0x0000000020000158       0x48 ./Core/Src/buzzer.o
                0x0000000020000158                htim3
 COMMON         0x00000000200001a0       0x48 ./Core/Src/main.o
                0x00000000200001a0                htim2
 COMMON         0x00000000200001e8       0x50 ./Core/Src/uart.o
                0x00000000200001e8                str1
                0x00000000200001f4                huart2
 COMMON         0x0000000020000238        0x4 ./Drivers/STM32F1xx_HAL_Driver/Src/stm32f1xx_hal.o
                0x0000000020000238                uwTick
 COMMON         0x000000002000023c        0x4 d:/lam/stm32cubeide_1.7.0/stm32cubeide/plugins/com.st.stm32cube.ide.mcu.externaltools.gnu-tools-for-stm32.9-2020-q2-update.win32_2.0.0.202105311346/tools/bin/../lib/gcc/arm-none-eabi/9.3.1/../../../../arm-none-eabi/lib/thumb/v7-m/nofp\libc_nano.a(lib_a-reent.o)
                0x000000002000023c                errno
 COMMON         0x0000000020000240        0x9 d:/lam/stm32cubeide_1.7.0/stm32cubeide/plugins/com.st.stm32cube.ide.mcu.externaltools.gnu-tools-for-stm32.9-2020-q2-update.win32_2.0.0.202105311346/tools/bin/../lib/gcc/arm-none-eabi/9.3.1/../../../../arm-none-eabi/lib/thumb/v7-m/nofp\libc_nano.a(lib_a-lock.o)
                0x0000000020000240                __lock___atexit_recursive_mutex
                0x0000000020000241                __lock___arc4random_mutex
                0x0000000020000242                __lock___env_recursive_mutex
                0x0000000020000243                __lock___sinit_recursive_mutex
                0x0000000020000244                __lock___malloc_recursive_mutex
                0x0000000020000245                __lock___at_quick_exit_mutex
                0x0000000020000246                __lock___dd_hash_mutex
                0x0000000020000247                __lock___tz_mutex
                0x0000000020000248                __lock___sfp_recursive_mutex
                0x000000002000024c                . = ALIGN (0x4)
 *fill*         0x0000000020000249        0x3 
                0x000000002000024c                _ebss = .
                0x000000002000024c                __bss_end__ = _ebss

._user_heap_stack
                0x000000002000024c      0x604 load address 0x0000000008004eb8
                0x0000000020000250                . = ALIGN (0x8)
 *fill*         0x000000002000024c        0x4 
                [!provide]                        PROVIDE (end = .)
                0x0000000020000250                PROVIDE (_end = .)
                0x0000000020000450                . = (. + _Min_Heap_Size)
 *fill*         0x0000000020000250      0x200 
                0x0000000020000850                . = (. + _Min_Stack_Size)
 *fill*         0x0000000020000450      0x400 
                0x0000000020000850                . = ALIGN (0x8)

/DISCARD/
 libc.a(*)
 libm.a(*)
 libgcc.a(*)

.ARM.attributes
                0x0000000000000000       0x29
 *(.ARM.attributes)
 .ARM.attributes
                0x0000000000000000       0x1d d:/lam/stm32cubeide_1.7.0/stm32cubeide/plugins/com.st.stm32cube.ide.mcu.externaltools.gnu-tools-for-stm32.9-2020-q2-update.win32_2.0.0.202105311346/tools/bin/../lib/gcc/arm-none-eabi/9.3.1/thumb/v7-m/nofp/crti.o
 .ARM.attributes
                0x000000000000001d       0x2d d:/lam/stm32cubeide_1.7.0/stm32cubeide/plugins/com.st.stm32cube.ide.mcu.externaltools.gnu-tools-for-stm32.9-2020-q2-update.win32_2.0.0.202105311346/tools/bin/../lib/gcc/arm-none-eabi/9.3.1/thumb/v7-m/nofp/crtbegin.o
 .ARM.attributes
                0x000000000000004a       0x2d ./Core/Src/button.o
 .ARM.attributes
                0x0000000000000077       0x2d ./Core/Src/buzzer.o
 .ARM.attributes
                0x00000000000000a4       0x2d ./Core/Src/fsm_mode.o
 .ARM.attributes
                0x00000000000000d1       0x2d ./Core/Src/global.o
 .ARM.attributes
                0x00000000000000fe       0x2d ./Core/Src/main.o
 .ARM.attributes
                0x000000000000012b       0x2d ./Core/Src/pedestrian_light.o
 .ARM.attributes
                0x0000000000000158       0x2d ./Core/Src/software_timer.o
 .ARM.attributes
                0x0000000000000185       0x2d ./Core/Src/stm32f1xx_hal_msp.o
 .ARM.attributes
                0x00000000000001b2       0x2d ./Core/Src/stm32f1xx_it.o
 .ARM.attributes
                0x00000000000001df       0x2d ./Core/Src/sysmem.o
 .ARM.attributes
                0x000000000000020c       0x2d ./Core/Src/system_stm32f1xx.o
 .ARM.attributes
                0x0000000000000239       0x2d ./Core/Src/traffic_automatic.o
 .ARM.attributes
                0x0000000000000266       0x2d ./Core/Src/traffic_manual.o
 .ARM.attributes
                0x0000000000000293       0x2d ./Core/Src/traffic_tuning.o
 .ARM.attributes
                0x00000000000002c0       0x2d ./Core/Src/uart.o
 .ARM.attributes
                0x00000000000002ed       0x21 ./Core/Startup/startup_stm32f103rbtx.o
 .ARM.attributes
                0x000000000000030e       0x2d ./Drivers/STM32F1xx_HAL_Driver/Src/stm32f1xx_hal.o
 .ARM.attributes
                0x000000000000033b       0x2d ./Drivers/STM32F1xx_HAL_Driver/Src/stm32f1xx_hal_cortex.o
 .ARM.attributes
                0x0000000000000368       0x2d ./Drivers/STM32F1xx_HAL_Driver/Src/stm32f1xx_hal_dma.o
 .ARM.attributes
                0x0000000000000395       0x2d ./Drivers/STM32F1xx_HAL_Driver/Src/stm32f1xx_hal_gpio.o
 .ARM.attributes
                0x00000000000003c2       0x2d ./Drivers/STM32F1xx_HAL_Driver/Src/stm32f1xx_hal_rcc.o
 .ARM.attributes
                0x00000000000003ef       0x2d ./Drivers/STM32F1xx_HAL_Driver/Src/stm32f1xx_hal_tim.o
 .ARM.attributes
                0x000000000000041c       0x2d ./Drivers/STM32F1xx_HAL_Driver/Src/stm32f1xx_hal_tim_ex.o
 .ARM.attributes
                0x0000000000000449       0x2d ./Drivers/STM32F1xx_HAL_Driver/Src/stm32f1xx_hal_uart.o
 .ARM.attributes
                0x0000000000000476       0x2d d:/lam/stm32cubeide_1.7.0/stm32cubeide/plugins/com.st.stm32cube.ide.mcu.externaltools.gnu-tools-for-stm32.9-2020-q2-update.win32_2.0.0.202105311346/tools/bin/../lib/gcc/arm-none-eabi/9.3.1/../../../../arm-none-eabi/lib/thumb/v7-m/nofp\libc_nano.a(lib_a-errno.o)
 .ARM.attributes
                0x00000000000004a3       0x2d d:/lam/stm32cubeide_1.7.0/stm32cubeide/plugins/com.st.stm32cube.ide.mcu.externaltools.gnu-tools-for-stm32.9-2020-q2-update.win32_2.0.0.202105311346/tools/bin/../lib/gcc/arm-none-eabi/9.3.1/../../../../arm-none-eabi/lib/thumb/v7-m/nofp\libc_nano.a(lib_a-impure.o)
 .ARM.attributes
                0x00000000000004d0       0x2d d:/lam/stm32cubeide_1.7.0/stm32cubeide/plugins/com.st.stm32cube.ide.mcu.externaltools.gnu-tools-for-stm32.9-2020-q2-update.win32_2.0.0.202105311346/tools/bin/../lib/gcc/arm-none-eabi/9.3.1/../../../../arm-none-eabi/lib/thumb/v7-m/nofp\libc_nano.a(lib_a-init.o)
 .ARM.attributes
                0x00000000000004fd       0x2d d:/lam/stm32cubeide_1.7.0/stm32cubeide/plugins/com.st.stm32cube.ide.mcu.externaltools.gnu-tools-for-stm32.9-2020-q2-update.win32_2.0.0.202105311346/tools/bin/../lib/gcc/arm-none-eabi/9.3.1/../../../../arm-none-eabi/lib/thumb/v7-m/nofp\libc_nano.a(lib_a-memset.o)
 .ARM.attributes
                0x000000000000052a       0x2d d:/lam/stm32cubeide_1.7.0/stm32cubeide/plugins/com.st.stm32cube.ide.mcu.externaltools.gnu-tools-for-stm32.9-2020-q2-update.win32_2.0.0.202105311346/tools/bin/../lib/gcc/arm-none-eabi/9.3.1/../../../../arm-none-eabi/lib/thumb/v7-m/nofp\libc_nano.a(lib_a-sprintf.o)
 .ARM.attributes
                0x0000000000000557       0x2d d:/lam/stm32cubeide_1.7.0/stm32cubeide/plugins/com.st.stm32cube.ide.mcu.externaltools.gnu-tools-for-stm32.9-2020-q2-update.win32_2.0.0.202105311346/tools/bin/../lib/gcc/arm-none-eabi/9.3.1/../../../../arm-none-eabi/lib/thumb/v7-m/nofp\libc_nano.a(lib_a-nano-svfprintf.o)
 .ARM.attributes
                0x0000000000000584       0x2d d:/lam/stm32cubeide_1.7.0/stm32cubeide/plugins/com.st.stm32cube.ide.mcu.externaltools.gnu-tools-for-stm32.9-2020-q2-update.win32_2.0.0.202105311346/tools/bin/../lib/gcc/arm-none-eabi/9.3.1/../../../../arm-none-eabi/lib/thumb/v7-m/nofp\libc_nano.a(lib_a-nano-vfprintf_i.o)
 .ARM.attributes
                0x00000000000005b1       0x2d d:/lam/stm32cubeide_1.7.0/stm32cubeide/plugins/com.st.stm32cube.ide.mcu.externaltools.gnu-tools-for-stm32.9-2020-q2-update.win32_2.0.0.202105311346/tools/bin/../lib/gcc/arm-none-eabi/9.3.1/../../../../arm-none-eabi/lib/thumb/v7-m/nofp\libc_nano.a(lib_a-memchr-stub.o)
 .ARM.attributes
                0x00000000000005de       0x2d d:/lam/stm32cubeide_1.7.0/stm32cubeide/plugins/com.st.stm32cube.ide.mcu.externaltools.gnu-tools-for-stm32.9-2020-q2-update.win32_2.0.0.202105311346/tools/bin/../lib/gcc/arm-none-eabi/9.3.1/../../../../arm-none-eabi/lib/thumb/v7-m/nofp\libc_nano.a(lib_a-memcpy-stub.o)
 .ARM.attributes
                0x000000000000060b       0x2d d:/lam/stm32cubeide_1.7.0/stm32cubeide/plugins/com.st.stm32cube.ide.mcu.externaltools.gnu-tools-for-stm32.9-2020-q2-update.win32_2.0.0.202105311346/tools/bin/../lib/gcc/arm-none-eabi/9.3.1/../../../../arm-none-eabi/lib/thumb/v7-m/nofp\libc_nano.a(lib_a-memmove.o)
 .ARM.attributes
                0x0000000000000638       0x2d d:/lam/stm32cubeide_1.7.0/stm32cubeide/plugins/com.st.stm32cube.ide.mcu.externaltools.gnu-tools-for-stm32.9-2020-q2-update.win32_2.0.0.202105311346/tools/bin/../lib/gcc/arm-none-eabi/9.3.1/../../../../arm-none-eabi/lib/thumb/v7-m/nofp\libc_nano.a(lib_a-nano-freer.o)
 .ARM.attributes
                0x0000000000000665       0x2d d:/lam/stm32cubeide_1.7.0/stm32cubeide/plugins/com.st.stm32cube.ide.mcu.externaltools.gnu-tools-for-stm32.9-2020-q2-update.win32_2.0.0.202105311346/tools/bin/../lib/gcc/arm-none-eabi/9.3.1/../../../../arm-none-eabi/lib/thumb/v7-m/nofp\libc_nano.a(lib_a-nano-mallocr.o)
 .ARM.attributes
                0x0000000000000692       0x2d d:/lam/stm32cubeide_1.7.0/stm32cubeide/plugins/com.st.stm32cube.ide.mcu.externaltools.gnu-tools-for-stm32.9-2020-q2-update.win32_2.0.0.202105311346/tools/bin/../lib/gcc/arm-none-eabi/9.3.1/../../../../arm-none-eabi/lib/thumb/v7-m/nofp\libc_nano.a(lib_a-nano-reallocr.o)
 .ARM.attributes
                0x00000000000006bf       0x2d d:/lam/stm32cubeide_1.7.0/stm32cubeide/plugins/com.st.stm32cube.ide.mcu.externaltools.gnu-tools-for-stm32.9-2020-q2-update.win32_2.0.0.202105311346/tools/bin/../lib/gcc/arm-none-eabi/9.3.1/../../../../arm-none-eabi/lib/thumb/v7-m/nofp\libc_nano.a(lib_a-sbrkr.o)
 .ARM.attributes
                0x00000000000006ec       0x2d d:/lam/stm32cubeide_1.7.0/stm32cubeide/plugins/com.st.stm32cube.ide.mcu.externaltools.gnu-tools-for-stm32.9-2020-q2-update.win32_2.0.0.202105311346/tools/bin/../lib/gcc/arm-none-eabi/9.3.1/../../../../arm-none-eabi/lib/thumb/v7-m/nofp\libc_nano.a(lib_a-mlock.o)
 .ARM.attributes
                0x0000000000000719       0x2d d:/lam/stm32cubeide_1.7.0/stm32cubeide/plugins/com.st.stm32cube.ide.mcu.externaltools.gnu-tools-for-stm32.9-2020-q2-update.win32_2.0.0.202105311346/tools/bin/../lib/gcc/arm-none-eabi/9.3.1/../../../../arm-none-eabi/lib/thumb/v7-m/nofp\libc_nano.a(lib_a-nano-msizer.o)
 .ARM.attributes
                0x0000000000000746       0x2d d:/lam/stm32cubeide_1.7.0/stm32cubeide/plugins/com.st.stm32cube.ide.mcu.externaltools.gnu-tools-for-stm32.9-2020-q2-update.win32_2.0.0.202105311346/tools/bin/../lib/gcc/arm-none-eabi/9.3.1/../../../../arm-none-eabi/lib/thumb/v7-m/nofp\libc_nano.a(lib_a-reent.o)
 .ARM.attributes
                0x0000000000000773       0x2d d:/lam/stm32cubeide_1.7.0/stm32cubeide/plugins/com.st.stm32cube.ide.mcu.externaltools.gnu-tools-for-stm32.9-2020-q2-update.win32_2.0.0.202105311346/tools/bin/../lib/gcc/arm-none-eabi/9.3.1/../../../../arm-none-eabi/lib/thumb/v7-m/nofp\libc_nano.a(lib_a-lock.o)
 .ARM.attributes
                0x00000000000007a0       0x1d d:/lam/stm32cubeide_1.7.0/stm32cubeide/plugins/com.st.stm32cube.ide.mcu.externaltools.gnu-tools-for-stm32.9-2020-q2-update.win32_2.0.0.202105311346/tools/bin/../lib/gcc/arm-none-eabi/9.3.1/thumb/v7-m/nofp/crtn.o
OUTPUT(AssignmentProject.elf elf32-littlearm)
LOAD linker stubs
LOAD d:/lam/stm32cubeide_1.7.0/stm32cubeide/plugins/com.st.stm32cube.ide.mcu.externaltools.gnu-tools-for-stm32.9-2020-q2-update.win32_2.0.0.202105311346/tools/bin/../lib/gcc/arm-none-eabi/9.3.1/../../../../arm-none-eabi/lib/thumb/v7-m/nofp\libc.a
LOAD d:/lam/stm32cubeide_1.7.0/stm32cubeide/plugins/com.st.stm32cube.ide.mcu.externaltools.gnu-tools-for-stm32.9-2020-q2-update.win32_2.0.0.202105311346/tools/bin/../lib/gcc/arm-none-eabi/9.3.1/../../../../arm-none-eabi/lib/thumb/v7-m/nofp\libm.a
LOAD d:/lam/stm32cubeide_1.7.0/stm32cubeide/plugins/com.st.stm32cube.ide.mcu.externaltools.gnu-tools-for-stm32.9-2020-q2-update.win32_2.0.0.202105311346/tools/bin/../lib/gcc/arm-none-eabi/9.3.1/thumb/v7-m/nofp\libgcc.a

.debug_info     0x0000000000000000    0x1848a
 .debug_info    0x0000000000000000     0x1515 ./Core/Src/button.o
 .debug_info    0x0000000000001515     0x132a ./Core/Src/buzzer.o
 .debug_info    0x000000000000283f     0x1388 ./Core/Src/fsm_mode.o
 .debug_info    0x0000000000003bc7     0x13dc ./Core/Src/global.o
 .debug_info    0x0000000000004fa3     0x184e ./Core/Src/main.o
 .debug_info    0x00000000000067f1     0x13a4 ./Core/Src/pedestrian_light.o
 .debug_info    0x0000000000007b95     0x1577 ./Core/Src/software_timer.o
 .debug_info    0x000000000000910c      0xe38 ./Core/Src/stm32f1xx_hal_msp.o
 .debug_info    0x0000000000009f44      0xa22 ./Core/Src/stm32f1xx_it.o
 .debug_info    0x000000000000a966      0xa25 ./Core/Src/sysmem.o
 .debug_info    0x000000000000b38b      0x2be ./Core/Src/system_stm32f1xx.o
 .debug_info    0x000000000000b649     0x139a ./Core/Src/traffic_automatic.o
 .debug_info    0x000000000000c9e3     0x139a ./Core/Src/traffic_manual.o
 .debug_info    0x000000000000dd7d     0x139a ./Core/Src/traffic_tuning.o
 .debug_info    0x000000000000f117     0x132a ./Core/Src/uart.o
 .debug_info    0x0000000000010441       0x22 ./Core/Startup/startup_stm32f103rbtx.o
 .debug_info    0x0000000000010463      0x76a ./Drivers/STM32F1xx_HAL_Driver/Src/stm32f1xx_hal.o
 .debug_info    0x0000000000010bcd      0xbdc ./Drivers/STM32F1xx_HAL_Driver/Src/stm32f1xx_hal_cortex.o
 .debug_info    0x00000000000117a9      0x81e ./Drivers/STM32F1xx_HAL_Driver/Src/stm32f1xx_hal_dma.o
 .debug_info    0x0000000000011fc7      0x701 ./Drivers/STM32F1xx_HAL_Driver/Src/stm32f1xx_hal_gpio.o
 .debug_info    0x00000000000126c8      0x88e ./Drivers/STM32F1xx_HAL_Driver/Src/stm32f1xx_hal_rcc.o
 .debug_info    0x0000000000012f56     0x2a45 ./Drivers/STM32F1xx_HAL_Driver/Src/stm32f1xx_hal_tim.o
 .debug_info    0x000000000001599b     0x14d5 ./Drivers/STM32F1xx_HAL_Driver/Src/stm32f1xx_hal_tim_ex.o
 .debug_info    0x0000000000016e70     0x161a ./Drivers/STM32F1xx_HAL_Driver/Src/stm32f1xx_hal_uart.o

.debug_abbrev   0x0000000000000000     0x3004
 .debug_abbrev  0x0000000000000000      0x26b ./Core/Src/button.o
 .debug_abbrev  0x000000000000026b      0x1e6 ./Core/Src/buzzer.o
 .debug_abbrev  0x0000000000000451      0x1d7 ./Core/Src/fsm_mode.o
 .debug_abbrev  0x0000000000000628      0x1e6 ./Core/Src/global.o
 .debug_abbrev  0x000000000000080e      0x2f7 ./Core/Src/main.o
 .debug_abbrev  0x0000000000000b05      0x1e6 ./Core/Src/pedestrian_light.o
 .debug_abbrev  0x0000000000000ceb      0x27f ./Core/Src/software_timer.o
 .debug_abbrev  0x0000000000000f6a      0x1c8 ./Core/Src/stm32f1xx_hal_msp.o
 .debug_abbrev  0x0000000000001132      0x176 ./Core/Src/stm32f1xx_it.o
 .debug_abbrev  0x00000000000012a8      0x1bf ./Core/Src/sysmem.o
 .debug_abbrev  0x0000000000001467      0x14e ./Core/Src/system_stm32f1xx.o
 .debug_abbrev  0x00000000000015b5      0x1d7 ./Core/Src/traffic_automatic.o
 .debug_abbrev  0x000000000000178c      0x1d7 ./Core/Src/traffic_manual.o
 .debug_abbrev  0x0000000000001963      0x1d7 ./Core/Src/traffic_tuning.o
 .debug_abbrev  0x0000000000001b3a      0x1e6 ./Core/Src/uart.o
 .debug_abbrev  0x0000000000001d20       0x12 ./Core/Startup/startup_stm32f103rbtx.o
 .debug_abbrev  0x0000000000001d32      0x1ed ./Drivers/STM32F1xx_HAL_Driver/Src/stm32f1xx_hal.o
 .debug_abbrev  0x0000000000001f1f      0x313 ./Drivers/STM32F1xx_HAL_Driver/Src/stm32f1xx_hal_cortex.o
 .debug_abbrev  0x0000000000002232      0x228 ./Drivers/STM32F1xx_HAL_Driver/Src/stm32f1xx_hal_dma.o
 .debug_abbrev  0x000000000000245a      0x1e8 ./Drivers/STM32F1xx_HAL_Driver/Src/stm32f1xx_hal_gpio.o
 .debug_abbrev  0x0000000000002642      0x273 ./Drivers/STM32F1xx_HAL_Driver/Src/stm32f1xx_hal_rcc.o
 .debug_abbrev  0x00000000000028b5      0x25e ./Drivers/STM32F1xx_HAL_Driver/Src/stm32f1xx_hal_tim.o
 .debug_abbrev  0x0000000000002b13      0x266 ./Drivers/STM32F1xx_HAL_Driver/Src/stm32f1xx_hal_tim_ex.o
 .debug_abbrev  0x0000000000002d79      0x28b ./Drivers/STM32F1xx_HAL_Driver/Src/stm32f1xx_hal_uart.o

.debug_aranges  0x0000000000000000      0xde0
 .debug_aranges
                0x0000000000000000       0x50 ./Core/Src/button.o
 .debug_aranges
                0x0000000000000050       0x20 ./Core/Src/buzzer.o
 .debug_aranges
                0x0000000000000070       0x20 ./Core/Src/fsm_mode.o
 .debug_aranges
                0x0000000000000090       0x20 ./Core/Src/global.o
 .debug_aranges
                0x00000000000000b0       0x58 ./Core/Src/main.o
 .debug_aranges
                0x0000000000000108       0x20 ./Core/Src/pedestrian_light.o
 .debug_aranges
                0x0000000000000128       0x78 ./Core/Src/software_timer.o
 .debug_aranges
                0x00000000000001a0       0x48 ./Core/Src/stm32f1xx_hal_msp.o
 .debug_aranges
                0x00000000000001e8       0x70 ./Core/Src/stm32f1xx_it.o
 .debug_aranges
                0x0000000000000258       0x20 ./Core/Src/sysmem.o
 .debug_aranges
                0x0000000000000278       0x28 ./Core/Src/system_stm32f1xx.o
 .debug_aranges
                0x00000000000002a0       0x28 ./Core/Src/traffic_automatic.o
 .debug_aranges
                0x00000000000002c8       0x28 ./Core/Src/traffic_manual.o
 .debug_aranges
                0x00000000000002f0       0x28 ./Core/Src/traffic_tuning.o
 .debug_aranges
                0x0000000000000318       0x20 ./Core/Src/uart.o
 .debug_aranges
                0x0000000000000338       0x28 ./Core/Startup/startup_stm32f103rbtx.o
 .debug_aranges
                0x0000000000000360       0xe0 ./Drivers/STM32F1xx_HAL_Driver/Src/stm32f1xx_hal.o
 .debug_aranges
                0x0000000000000440      0x100 ./Drivers/STM32F1xx_HAL_Driver/Src/stm32f1xx_hal_cortex.o
 .debug_aranges
                0x0000000000000540       0x80 ./Drivers/STM32F1xx_HAL_Driver/Src/stm32f1xx_hal_dma.o
 .debug_aranges
                0x00000000000005c0       0x58 ./Drivers/STM32F1xx_HAL_Driver/Src/stm32f1xx_hal_gpio.o
 .debug_aranges
                0x0000000000000618       0x90 ./Drivers/STM32F1xx_HAL_Driver/Src/stm32f1xx_hal_rcc.o
 .debug_aranges
                0x00000000000006a8      0x3d0 ./Drivers/STM32F1xx_HAL_Driver/Src/stm32f1xx_hal_tim.o
 .debug_aranges
                0x0000000000000a78      0x168 ./Drivers/STM32F1xx_HAL_Driver/Src/stm32f1xx_hal_tim_ex.o
 .debug_aranges
                0x0000000000000be0      0x200 ./Drivers/STM32F1xx_HAL_Driver/Src/stm32f1xx_hal_uart.o

.debug_ranges   0x0000000000000000      0xc98
 .debug_ranges  0x0000000000000000       0x40 ./Core/Src/button.o
 .debug_ranges  0x0000000000000040       0x10 ./Core/Src/buzzer.o
 .debug_ranges  0x0000000000000050       0x10 ./Core/Src/fsm_mode.o
 .debug_ranges  0x0000000000000060       0x10 ./Core/Src/global.o
 .debug_ranges  0x0000000000000070       0x48 ./Core/Src/main.o
 .debug_ranges  0x00000000000000b8       0x10 ./Core/Src/pedestrian_light.o
 .debug_ranges  0x00000000000000c8       0x68 ./Core/Src/software_timer.o
 .debug_ranges  0x0000000000000130       0x38 ./Core/Src/stm32f1xx_hal_msp.o
 .debug_ranges  0x0000000000000168       0x60 ./Core/Src/stm32f1xx_it.o
 .debug_ranges  0x00000000000001c8       0x10 ./Core/Src/sysmem.o
 .debug_ranges  0x00000000000001d8       0x18 ./Core/Src/system_stm32f1xx.o
 .debug_ranges  0x00000000000001f0       0x18 ./Core/Src/traffic_automatic.o
 .debug_ranges  0x0000000000000208       0x18 ./Core/Src/traffic_manual.o
 .debug_ranges  0x0000000000000220       0x18 ./Core/Src/traffic_tuning.o
 .debug_ranges  0x0000000000000238       0x10 ./Core/Src/uart.o
 .debug_ranges  0x0000000000000248       0x20 ./Core/Startup/startup_stm32f103rbtx.o
 .debug_ranges  0x0000000000000268       0xd0 ./Drivers/STM32F1xx_HAL_Driver/Src/stm32f1xx_hal.o
 .debug_ranges  0x0000000000000338       0xf0 ./Drivers/STM32F1xx_HAL_Driver/Src/stm32f1xx_hal_cortex.o
 .debug_ranges  0x0000000000000428       0x70 ./Drivers/STM32F1xx_HAL_Driver/Src/stm32f1xx_hal_dma.o
 .debug_ranges  0x0000000000000498       0x48 ./Drivers/STM32F1xx_HAL_Driver/Src/stm32f1xx_hal_gpio.o
 .debug_ranges  0x00000000000004e0       0x80 ./Drivers/STM32F1xx_HAL_Driver/Src/stm32f1xx_hal_rcc.o
 .debug_ranges  0x0000000000000560      0x3c0 ./Drivers/STM32F1xx_HAL_Driver/Src/stm32f1xx_hal_tim.o
 .debug_ranges  0x0000000000000920      0x158 ./Drivers/STM32F1xx_HAL_Driver/Src/stm32f1xx_hal_tim_ex.o
 .debug_ranges  0x0000000000000a78      0x220 ./Drivers/STM32F1xx_HAL_Driver/Src/stm32f1xx_hal_uart.o

.debug_macro    0x0000000000000000    0x19fed
 .debug_macro   0x0000000000000000      0x386 ./Core/Src/button.o
 .debug_macro   0x0000000000000386      0xa9c ./Core/Src/button.o
 .debug_macro   0x0000000000000e22      0x21b ./Core/Src/button.o
 .debug_macro   0x000000000000103d       0x2e ./Core/Src/button.o
 .debug_macro   0x000000000000106b       0x22 ./Core/Src/button.o
 .debug_macro   0x000000000000108d       0x22 ./Core/Src/button.o
 .debug_macro   0x00000000000010af       0x8e ./Core/Src/button.o
 .debug_macro   0x000000000000113d       0x51 ./Core/Src/button.o
 .debug_macro   0x000000000000118e      0x103 ./Core/Src/button.o
 .debug_macro   0x0000000000001291       0x6a ./Core/Src/button.o
 .debug_macro   0x00000000000012fb      0x1df ./Core/Src/button.o
 .debug_macro   0x00000000000014da       0x1c ./Core/Src/button.o
 .debug_macro   0x00000000000014f6       0x22 ./Core/Src/button.o
 .debug_macro   0x0000000000001518       0xc3 ./Core/Src/button.o
 .debug_macro   0x00000000000015db      0xd23 ./Core/Src/button.o
 .debug_macro   0x00000000000022fe     0xe09e ./Core/Src/button.o
 .debug_macro   0x000000000001039c       0x6d ./Core/Src/button.o
 .debug_macro   0x0000000000010409     0x3468 ./Core/Src/button.o
 .debug_macro   0x0000000000013871      0x174 ./Core/Src/button.o
 .debug_macro   0x00000000000139e5       0x5c ./Core/Src/button.o
 .debug_macro   0x0000000000013a41      0x5be ./Core/Src/button.o
 .debug_macro   0x0000000000013fff      0x289 ./Core/Src/button.o
 .debug_macro   0x0000000000014288      0x1cb ./Core/Src/button.o
 .debug_macro   0x0000000000014453      0x114 ./Core/Src/button.o
 .debug_macro   0x0000000000014567      0x1b2 ./Core/Src/button.o
 .debug_macro   0x0000000000014719       0x27 ./Core/Src/button.o
 .debug_macro   0x0000000000014740      0x136 ./Core/Src/button.o
 .debug_macro   0x0000000000014876      0x1bc ./Core/Src/button.o
 .debug_macro   0x0000000000014a32       0x34 ./Core/Src/button.o
 .debug_macro   0x0000000000014a66       0x3c ./Core/Src/button.o
 .debug_macro   0x0000000000014aa2       0x57 ./Core/Src/button.o
 .debug_macro   0x0000000000014af9       0x88 ./Core/Src/button.o
 .debug_macro   0x0000000000014b81      0x241 ./Core/Src/button.o
 .debug_macro   0x0000000000014dc2      0x141 ./Core/Src/button.o
 .debug_macro   0x0000000000014f03      0x8d1 ./Core/Src/button.o
 .debug_macro   0x00000000000157d4      0x279 ./Core/Src/button.o
 .debug_macro   0x0000000000015a4d       0x83 ./Core/Src/button.o
 .debug_macro   0x0000000000015ad0       0x94 ./Core/Src/button.o
 .debug_macro   0x0000000000015b64       0x16 ./Core/Src/button.o
 .debug_macro   0x0000000000015b7a       0x52 ./Core/Src/button.o
 .debug_macro   0x0000000000015bcc       0x18 ./Core/Src/button.o
 .debug_macro   0x0000000000015be4       0x3c ./Core/Src/button.o
 .debug_macro   0x0000000000015c20       0x34 ./Core/Src/button.o
 .debug_macro   0x0000000000015c54       0x16 ./Core/Src/button.o
 .debug_macro   0x0000000000015c6a       0x35 ./Core/Src/button.o
 .debug_macro   0x0000000000015c9f      0x333 ./Core/Src/button.o
 .debug_macro   0x0000000000015fd2       0x10 ./Core/Src/button.o
 .debug_macro   0x0000000000015fe2       0x16 ./Core/Src/button.o
 .debug_macro   0x0000000000015ff8       0x43 ./Core/Src/button.o
 .debug_macro   0x000000000001603b       0x34 ./Core/Src/button.o
 .debug_macro   0x000000000001606f       0x10 ./Core/Src/button.o
 .debug_macro   0x000000000001607f       0x58 ./Core/Src/button.o
 .debug_macro   0x00000000000160d7       0x71 ./Core/Src/button.o
 .debug_macro   0x0000000000016148       0x1c ./Core/Src/button.o
 .debug_macro   0x0000000000016164      0x12a ./Core/Src/button.o
 .debug_macro   0x000000000001628e       0x10 ./Core/Src/button.o
 .debug_macro   0x000000000001629e       0x1c ./Core/Src/button.o
 .debug_macro   0x00000000000162ba       0x52 ./Core/Src/button.o
 .debug_macro   0x000000000001630c       0x22 ./Core/Src/button.o
 .debug_macro   0x000000000001632e       0x10 ./Core/Src/button.o
 .debug_macro   0x000000000001633e       0x40 ./Core/Src/button.o
 .debug_macro   0x000000000001637e       0xd5 ./Core/Src/button.o
 .debug_macro   0x0000000000016453       0x1c ./Core/Src/button.o
 .debug_macro   0x000000000001646f       0x3d ./Core/Src/button.o
 .debug_macro   0x00000000000164ac       0x16 ./Core/Src/button.o
 .debug_macro   0x00000000000164c2      0x145 ./Core/Src/button.o
 .debug_macro   0x0000000000016607       0x82 ./Core/Src/button.o
 .debug_macro   0x0000000000016689       0x10 ./Core/Src/button.o
 .debug_macro   0x0000000000016699      0x38c ./Core/Src/buzzer.o
 .debug_macro   0x0000000000016a25       0x10 ./Core/Src/buzzer.o
 .debug_macro   0x0000000000016a35      0x386 ./Core/Src/fsm_mode.o
 .debug_macro   0x0000000000016dbb      0x382 ./Core/Src/global.o
 .debug_macro   0x000000000001713d      0x386 ./Core/Src/main.o
 .debug_macro   0x00000000000174c3      0x386 ./Core/Src/pedestrian_light.o
 .debug_macro   0x0000000000017849      0x386 ./Core/Src/software_timer.o
 .debug_macro   0x0000000000017bcf      0x1b2 ./Core/Src/stm32f1xx_hal_msp.o
 .debug_macro   0x0000000000017d81      0x1bc ./Core/Src/stm32f1xx_it.o
 .debug_macro   0x0000000000017f3d       0xff ./Core/Src/sysmem.o
 .debug_macro   0x000000000001803c      0x23b ./Core/Src/sysmem.o
 .debug_macro   0x0000000000018277      0x1a3 ./Core/Src/system_stm32f1xx.o
 .debug_macro   0x000000000001841a      0x386 ./Core/Src/traffic_automatic.o
 .debug_macro   0x00000000000187a0      0x386 ./Core/Src/traffic_manual.o
 .debug_macro   0x0000000000018b26      0x386 ./Core/Src/traffic_tuning.o
 .debug_macro   0x0000000000018eac      0x386 ./Core/Src/uart.o
 .debug_macro   0x0000000000019232      0x1c7 ./Drivers/STM32F1xx_HAL_Driver/Src/stm32f1xx_hal.o
 .debug_macro   0x00000000000193f9      0x1a3 ./Drivers/STM32F1xx_HAL_Driver/Src/stm32f1xx_hal_cortex.o
 .debug_macro   0x000000000001959c      0x1a3 ./Drivers/STM32F1xx_HAL_Driver/Src/stm32f1xx_hal_dma.o
 .debug_macro   0x000000000001973f      0x20e ./Drivers/STM32F1xx_HAL_Driver/Src/stm32f1xx_hal_gpio.o
 .debug_macro   0x000000000001994d      0x1b5 ./Drivers/STM32F1xx_HAL_Driver/Src/stm32f1xx_hal_rcc.o
 .debug_macro   0x0000000000019b02      0x1a4 ./Drivers/STM32F1xx_HAL_Driver/Src/stm32f1xx_hal_tim.o
 .debug_macro   0x0000000000019ca6      0x1a3 ./Drivers/STM32F1xx_HAL_Driver/Src/stm32f1xx_hal_tim_ex.o
 .debug_macro   0x0000000000019e49      0x1a4 ./Drivers/STM32F1xx_HAL_Driver/Src/stm32f1xx_hal_uart.o

.debug_line     0x0000000000000000    0x12691
 .debug_line    0x0000000000000000      0xa41 ./Core/Src/button.o
 .debug_line    0x0000000000000a41      0x91d ./Core/Src/buzzer.o
 .debug_line    0x000000000000135e      0xa66 ./Core/Src/fsm_mode.o
 .debug_line    0x0000000000001dc4      0x902 ./Core/Src/global.o
 .debug_line    0x00000000000026c6      0xb0e ./Core/Src/main.o
 .debug_line    0x00000000000031d4      0x993 ./Core/Src/pedestrian_light.o
 .debug_line    0x0000000000003b67      0xac8 ./Core/Src/software_timer.o
 .debug_line    0x000000000000462f      0x75e ./Core/Src/stm32f1xx_hal_msp.o
 .debug_line    0x0000000000004d8d      0x773 ./Core/Src/stm32f1xx_it.o
 .debug_line    0x0000000000005500      0x4fd ./Core/Src/sysmem.o
 .debug_line    0x00000000000059fd      0x6ff ./Core/Src/system_stm32f1xx.o
 .debug_line    0x00000000000060fc      0x9ee ./Core/Src/traffic_automatic.o
 .debug_line    0x0000000000006aea      0xa06 ./Core/Src/traffic_manual.o
 .debug_line    0x00000000000074f0      0x9d4 ./Core/Src/traffic_tuning.o
 .debug_line    0x0000000000007ec4      0x955 ./Core/Src/uart.o
 .debug_line    0x0000000000008819       0x87 ./Core/Startup/startup_stm32f103rbtx.o
 .debug_line    0x00000000000088a0      0x92c ./Drivers/STM32F1xx_HAL_Driver/Src/stm32f1xx_hal.o
 .debug_line    0x00000000000091cc      0xb14 ./Drivers/STM32F1xx_HAL_Driver/Src/stm32f1xx_hal_cortex.o
 .debug_line    0x0000000000009ce0      0xd84 ./Drivers/STM32F1xx_HAL_Driver/Src/stm32f1xx_hal_dma.o
 .debug_line    0x000000000000aa64      0x9c3 ./Drivers/STM32F1xx_HAL_Driver/Src/stm32f1xx_hal_gpio.o
 .debug_line    0x000000000000b427      0xd3a ./Drivers/STM32F1xx_HAL_Driver/Src/stm32f1xx_hal_rcc.o
 .debug_line    0x000000000000c161     0x32d5 ./Drivers/STM32F1xx_HAL_Driver/Src/stm32f1xx_hal_tim.o
 .debug_line    0x000000000000f436     0x1854 ./Drivers/STM32F1xx_HAL_Driver/Src/stm32f1xx_hal_tim_ex.o
 .debug_line    0x0000000000010c8a     0x1a07 ./Drivers/STM32F1xx_HAL_Driver/Src/stm32f1xx_hal_uart.o

.debug_str      0x0000000000000000    0x8b204
 .debug_str     0x0000000000000000    0x87cd4 ./Core/Src/button.o
                                      0x88178 (size before relaxing)
 .debug_str     0x0000000000087cd4       0x1f ./Core/Src/buzzer.o
                                      0x8807f (size before relaxing)
 .debug_str     0x0000000000087cf3       0x1f ./Core/Src/fsm_mode.o
                                      0x88096 (size before relaxing)
 .debug_str     0x0000000000087d12       0x1e ./Core/Src/global.o
                                      0x88095 (size before relaxing)
 .debug_str     0x0000000000087d30      0x355 ./Core/Src/main.o
                                      0x883f4 (size before relaxing)
 .debug_str     0x0000000000088085       0x2f ./Core/Src/pedestrian_light.o
                                      0x880a6 (size before relaxing)
 .debug_str     0x00000000000880b4      0x109 ./Core/Src/software_timer.o
                                      0x88187 (size before relaxing)
 .debug_str     0x00000000000881bd      0x332 ./Core/Src/stm32f1xx_hal_msp.o
                                      0x84100 (size before relaxing)
 .debug_str     0x00000000000884ef       0xdf ./Core/Src/stm32f1xx_it.o
                                      0x83dbb (size before relaxing)
 .debug_str     0x00000000000885ce      0x4e9 ./Core/Src/sysmem.o
                                       0x6269 (size before relaxing)
 .debug_str     0x0000000000088ab7       0x52 ./Core/Src/system_stm32f1xx.o
                                      0x83461 (size before relaxing)
 .debug_str     0x0000000000088b09       0x46 ./Core/Src/traffic_automatic.o
                                      0x880bd (size before relaxing)
 .debug_str     0x0000000000088b4f       0x3d ./Core/Src/traffic_manual.o
                                      0x880b4 (size before relaxing)
 .debug_str     0x0000000000088b8c       0x3d ./Core/Src/traffic_tuning.o
                                      0x880b4 (size before relaxing)
 .debug_str     0x0000000000088bc9       0x1b ./Core/Src/uart.o
                                      0x8807b (size before relaxing)
 .debug_str     0x0000000000088be4       0x36 ./Core/Startup/startup_stm32f103rbtx.o
                                         0x7d (size before relaxing)
 .debug_str     0x0000000000088c1a      0x304 ./Drivers/STM32F1xx_HAL_Driver/Src/stm32f1xx_hal.o
                                      0x83af2 (size before relaxing)
 .debug_str     0x0000000000088f1e      0x300 ./Drivers/STM32F1xx_HAL_Driver/Src/stm32f1xx_hal_cortex.o
                                      0x83afa (size before relaxing)
 .debug_str     0x000000000008921e      0x235 ./Drivers/STM32F1xx_HAL_Driver/Src/stm32f1xx_hal_dma.o
                                      0x8383c (size before relaxing)
 .debug_str     0x0000000000089453      0x31f ./Drivers/STM32F1xx_HAL_Driver/Src/stm32f1xx_hal_gpio.o
                                      0x83825 (size before relaxing)
 .debug_str     0x0000000000089772      0x24f ./Drivers/STM32F1xx_HAL_Driver/Src/stm32f1xx_hal_rcc.o
                                      0x8385e (size before relaxing)
 .debug_str     0x00000000000899c1      0xd68 ./Drivers/STM32F1xx_HAL_Driver/Src/stm32f1xx_hal_tim.o
                                      0x84830 (size before relaxing)
 .debug_str     0x000000000008a729      0x4ee ./Drivers/STM32F1xx_HAL_Driver/Src/stm32f1xx_hal_tim_ex.o
                                      0x83fe1 (size before relaxing)
 .debug_str     0x000000000008ac17      0x5ed ./Drivers/STM32F1xx_HAL_Driver/Src/stm32f1xx_hal_uart.o
                                      0x83e50 (size before relaxing)

.comment        0x0000000000000000       0x53
 .comment       0x0000000000000000       0x53 ./Core/Src/button.o
                                         0x54 (size before relaxing)
 .comment       0x0000000000000053       0x54 ./Core/Src/buzzer.o
 .comment       0x0000000000000053       0x54 ./Core/Src/fsm_mode.o
 .comment       0x0000000000000053       0x54 ./Core/Src/global.o
 .comment       0x0000000000000053       0x54 ./Core/Src/main.o
 .comment       0x0000000000000053       0x54 ./Core/Src/pedestrian_light.o
 .comment       0x0000000000000053       0x54 ./Core/Src/software_timer.o
 .comment       0x0000000000000053       0x54 ./Core/Src/stm32f1xx_hal_msp.o
 .comment       0x0000000000000053       0x54 ./Core/Src/stm32f1xx_it.o
 .comment       0x0000000000000053       0x54 ./Core/Src/sysmem.o
 .comment       0x0000000000000053       0x54 ./Core/Src/system_stm32f1xx.o
 .comment       0x0000000000000053       0x54 ./Core/Src/traffic_automatic.o
 .comment       0x0000000000000053       0x54 ./Core/Src/traffic_manual.o
 .comment       0x0000000000000053       0x54 ./Core/Src/traffic_tuning.o
 .comment       0x0000000000000053       0x54 ./Core/Src/uart.o
 .comment       0x0000000000000053       0x54 ./Drivers/STM32F1xx_HAL_Driver/Src/stm32f1xx_hal.o
 .comment       0x0000000000000053       0x54 ./Drivers/STM32F1xx_HAL_Driver/Src/stm32f1xx_hal_cortex.o
 .comment       0x0000000000000053       0x54 ./Drivers/STM32F1xx_HAL_Driver/Src/stm32f1xx_hal_dma.o
 .comment       0x0000000000000053       0x54 ./Drivers/STM32F1xx_HAL_Driver/Src/stm32f1xx_hal_gpio.o
 .comment       0x0000000000000053       0x54 ./Drivers/STM32F1xx_HAL_Driver/Src/stm32f1xx_hal_rcc.o
 .comment       0x0000000000000053       0x54 ./Drivers/STM32F1xx_HAL_Driver/Src/stm32f1xx_hal_tim.o
 .comment       0x0000000000000053       0x54 ./Drivers/STM32F1xx_HAL_Driver/Src/stm32f1xx_hal_tim_ex.o
 .comment       0x0000000000000053       0x54 ./Drivers/STM32F1xx_HAL_Driver/Src/stm32f1xx_hal_uart.o

.debug_frame    0x0000000000000000     0x3a84
 .debug_frame   0x0000000000000000      0x100 ./Core/Src/button.o
 .debug_frame   0x0000000000000100       0x2c ./Core/Src/buzzer.o
 .debug_frame   0x000000000000012c       0x2c ./Core/Src/fsm_mode.o
 .debug_frame   0x0000000000000158       0x2c ./Core/Src/global.o
 .debug_frame   0x0000000000000184      0x114 ./Core/Src/main.o
 .debug_frame   0x0000000000000298       0x2c ./Core/Src/pedestrian_light.o
 .debug_frame   0x00000000000002c4      0x1cc ./Core/Src/software_timer.o
 .debug_frame   0x0000000000000490       0xec ./Core/Src/stm32f1xx_hal_msp.o
 .debug_frame   0x000000000000057c      0x13c ./Core/Src/stm32f1xx_it.o
 .debug_frame   0x00000000000006b8       0x34 ./Core/Src/sysmem.o
 .debug_frame   0x00000000000006ec       0x58 ./Core/Src/system_stm32f1xx.o
 .debug_frame   0x0000000000000744       0x48 ./Core/Src/traffic_automatic.o
 .debug_frame   0x000000000000078c       0x48 ./Core/Src/traffic_manual.o
 .debug_frame   0x00000000000007d4       0x48 ./Core/Src/traffic_tuning.o
 .debug_frame   0x000000000000081c       0x2c ./Core/Src/uart.o
 .debug_frame   0x0000000000000848      0x334 ./Drivers/STM32F1xx_HAL_Driver/Src/stm32f1xx_hal.o
 .debug_frame   0x0000000000000b7c      0x428 ./Drivers/STM32F1xx_HAL_Driver/Src/stm32f1xx_hal_cortex.o
 .debug_frame   0x0000000000000fa4      0x208 ./Drivers/STM32F1xx_HAL_Driver/Src/stm32f1xx_hal_dma.o
 .debug_frame   0x00000000000011ac      0x14c ./Drivers/STM32F1xx_HAL_Driver/Src/stm32f1xx_hal_gpio.o
 .debug_frame   0x00000000000012f8      0x21c ./Drivers/STM32F1xx_HAL_Driver/Src/stm32f1xx_hal_rcc.o
 .debug_frame   0x0000000000001514     0x11b8 ./Drivers/STM32F1xx_HAL_Driver/Src/stm32f1xx_hal_tim.o
 .debug_frame   0x00000000000026cc      0x638 ./Drivers/STM32F1xx_HAL_Driver/Src/stm32f1xx_hal_tim_ex.o
 .debug_frame   0x0000000000002d04      0x914 ./Drivers/STM32F1xx_HAL_Driver/Src/stm32f1xx_hal_uart.o
 .debug_frame   0x0000000000003618       0x20 d:/lam/stm32cubeide_1.7.0/stm32cubeide/plugins/com.st.stm32cube.ide.mcu.externaltools.gnu-tools-for-stm32.9-2020-q2-update.win32_2.0.0.202105311346/tools/bin/../lib/gcc/arm-none-eabi/9.3.1/../../../../arm-none-eabi/lib/thumb/v7-m/nofp\libc_nano.a(lib_a-errno.o)
 .debug_frame   0x0000000000003638       0x2c d:/lam/stm32cubeide_1.7.0/stm32cubeide/plugins/com.st.stm32cube.ide.mcu.externaltools.gnu-tools-for-stm32.9-2020-q2-update.win32_2.0.0.202105311346/tools/bin/../lib/gcc/arm-none-eabi/9.3.1/../../../../arm-none-eabi/lib/thumb/v7-m/nofp\libc_nano.a(lib_a-init.o)
 .debug_frame   0x0000000000003664       0x20 d:/lam/stm32cubeide_1.7.0/stm32cubeide/plugins/com.st.stm32cube.ide.mcu.externaltools.gnu-tools-for-stm32.9-2020-q2-update.win32_2.0.0.202105311346/tools/bin/../lib/gcc/arm-none-eabi/9.3.1/../../../../arm-none-eabi/lib/thumb/v7-m/nofp\libc_nano.a(lib_a-memset.o)
 .debug_frame   0x0000000000003684       0x6c d:/lam/stm32cubeide_1.7.0/stm32cubeide/plugins/com.st.stm32cube.ide.mcu.externaltools.gnu-tools-for-stm32.9-2020-q2-update.win32_2.0.0.202105311346/tools/bin/../lib/gcc/arm-none-eabi/9.3.1/../../../../arm-none-eabi/lib/thumb/v7-m/nofp\libc_nano.a(lib_a-sprintf.o)
 .debug_frame   0x00000000000036f0       0x90 d:/lam/stm32cubeide_1.7.0/stm32cubeide/plugins/com.st.stm32cube.ide.mcu.externaltools.gnu-tools-for-stm32.9-2020-q2-update.win32_2.0.0.202105311346/tools/bin/../lib/gcc/arm-none-eabi/9.3.1/../../../../arm-none-eabi/lib/thumb/v7-m/nofp\libc_nano.a(lib_a-nano-svfprintf.o)
 .debug_frame   0x0000000000003780       0x60 d:/lam/stm32cubeide_1.7.0/stm32cubeide/plugins/com.st.stm32cube.ide.mcu.externaltools.gnu-tools-for-stm32.9-2020-q2-update.win32_2.0.0.202105311346/tools/bin/../lib/gcc/arm-none-eabi/9.3.1/../../../../arm-none-eabi/lib/thumb/v7-m/nofp\libc_nano.a(lib_a-nano-vfprintf_i.o)
 .debug_frame   0x00000000000037e0       0x28 d:/lam/stm32cubeide_1.7.0/stm32cubeide/plugins/com.st.stm32cube.ide.mcu.externaltools.gnu-tools-for-stm32.9-2020-q2-update.win32_2.0.0.202105311346/tools/bin/../lib/gcc/arm-none-eabi/9.3.1/../../../../arm-none-eabi/lib/thumb/v7-m/nofp\libc_nano.a(lib_a-memchr-stub.o)
 .debug_frame   0x0000000000003808       0x28 d:/lam/stm32cubeide_1.7.0/stm32cubeide/plugins/com.st.stm32cube.ide.mcu.externaltools.gnu-tools-for-stm32.9-2020-q2-update.win32_2.0.0.202105311346/tools/bin/../lib/gcc/arm-none-eabi/9.3.1/../../../../arm-none-eabi/lib/thumb/v7-m/nofp\libc_nano.a(lib_a-memcpy-stub.o)
 .debug_frame   0x0000000000003830       0x28 d:/lam/stm32cubeide_1.7.0/stm32cubeide/plugins/com.st.stm32cube.ide.mcu.externaltools.gnu-tools-for-stm32.9-2020-q2-update.win32_2.0.0.202105311346/tools/bin/../lib/gcc/arm-none-eabi/9.3.1/../../../../arm-none-eabi/lib/thumb/v7-m/nofp\libc_nano.a(lib_a-memmove.o)
 .debug_frame   0x0000000000003858       0x38 d:/lam/stm32cubeide_1.7.0/stm32cubeide/plugins/com.st.stm32cube.ide.mcu.externaltools.gnu-tools-for-stm32.9-2020-q2-update.win32_2.0.0.202105311346/tools/bin/../lib/gcc/arm-none-eabi/9.3.1/../../../../arm-none-eabi/lib/thumb/v7-m/nofp\libc_nano.a(lib_a-nano-freer.o)
 .debug_frame   0x0000000000003890       0x30 d:/lam/stm32cubeide_1.7.0/stm32cubeide/plugins/com.st.stm32cube.ide.mcu.externaltools.gnu-tools-for-stm32.9-2020-q2-update.win32_2.0.0.202105311346/tools/bin/../lib/gcc/arm-none-eabi/9.3.1/../../../../arm-none-eabi/lib/thumb/v7-m/nofp\libc_nano.a(lib_a-nano-mallocr.o)
 .debug_frame   0x00000000000038c0       0x3c d:/lam/stm32cubeide_1.7.0/stm32cubeide/plugins/com.st.stm32cube.ide.mcu.externaltools.gnu-tools-for-stm32.9-2020-q2-update.win32_2.0.0.202105311346/tools/bin/../lib/gcc/arm-none-eabi/9.3.1/../../../../arm-none-eabi/lib/thumb/v7-m/nofp\libc_nano.a(lib_a-nano-reallocr.o)
 .debug_frame   0x00000000000038fc       0x2c d:/lam/stm32cubeide_1.7.0/stm32cubeide/plugins/com.st.stm32cube.ide.mcu.externaltools.gnu-tools-for-stm32.9-2020-q2-update.win32_2.0.0.202105311346/tools/bin/../lib/gcc/arm-none-eabi/9.3.1/../../../../arm-none-eabi/lib/thumb/v7-m/nofp\libc_nano.a(lib_a-sbrkr.o)
 .debug_frame   0x0000000000003928       0x30 d:/lam/stm32cubeide_1.7.0/stm32cubeide/plugins/com.st.stm32cube.ide.mcu.externaltools.gnu-tools-for-stm32.9-2020-q2-update.win32_2.0.0.202105311346/tools/bin/../lib/gcc/arm-none-eabi/9.3.1/../../../../arm-none-eabi/lib/thumb/v7-m/nofp\libc_nano.a(lib_a-mlock.o)
 .debug_frame   0x0000000000003958       0x20 d:/lam/stm32cubeide_1.7.0/stm32cubeide/plugins/com.st.stm32cube.ide.mcu.externaltools.gnu-tools-for-stm32.9-2020-q2-update.win32_2.0.0.202105311346/tools/bin/../lib/gcc/arm-none-eabi/9.3.1/../../../../arm-none-eabi/lib/thumb/v7-m/nofp\libc_nano.a(lib_a-nano-msizer.o)
 .debug_frame   0x0000000000003978       0x5c d:/lam/stm32cubeide_1.7.0/stm32cubeide/plugins/com.st.stm32cube.ide.mcu.externaltools.gnu-tools-for-stm32.9-2020-q2-update.win32_2.0.0.202105311346/tools/bin/../lib/gcc/arm-none-eabi/9.3.1/../../../../arm-none-eabi/lib/thumb/v7-m/nofp\libc_nano.a(lib_a-reent.o)