software_timer.c:35:6:setTimer1	16	static
software_timer.c:40:6:setTimer2	16	static
software_timer.c:44:6:setTimer3	16	static
software_timer.c:48:6:setTimer4	16	static
software_timer.c:52:6:setTimer5	16	static
software_timer.c:56:6:setTimer6	16	static
software_timer.c:60:6:setTimer7	16	static
software_timer.c:65:6:setTimer8	16	static
software_timer.c:69:5:get_timer2_counter	4	static
software_timer.c:73:5:get_timer4_counter	4	static
software_timer.c:77:6:timerInit	8	static
software_timer.c:87:6:timerRun	4	static
