11:38:09 **** Incremental Build of configuration Debug for project AssignmentProject ****
make -j12 all 
arm-none-eabi-gcc -o "AssignmentProject.elf" @"objects.list"   -mcpu=cortex-m3 -T"C:\Users\Windows\Desktop\Fix-Assign\Assignment\AssignmentProject\STM32F103RBTX_FLASH.ld" --specs=nosys.specs -Wl,-Map="AssignmentProject.map" -Wl,--gc-sections -static --specs=nano.specs -mfloat-abi=soft -mthumb -Wl,--start-group -lc -lm -Wl,--end-group
Finished building target: AssignmentProject.elf
 
arm-none-eabi-size   AssignmentProject.elf 
arm-none-eabi-objdump -h -S  AssignmentProject.elf  > "AssignmentProject.list"
arm-none-eabi-objcopy  -O ihex  AssignmentProject.elf  "AssignmentProject.hex"
arm-none-eabi-objcopy  -O binary  AssignmentProject.elf  "AssignmentProject.bin"
   text	   data	    bss	    dec	    hex	filename
  19948	    212	   1924	  22084	   5644	AssignmentProject.elf
Finished building: default.size.stdout
 
Finished building: AssignmentProject.hex
Finished building: AssignmentProject.bin
 
 
Finished building: AssignmentProject.list
 
